Archive member included to satisfy reference by file (symbol)

C:/Users/18269/AppData/Local/stm32cube/bundles/gnu-tools-for-stm32/14.3.1+st.2/bin/../lib/gcc/arm-none-eabi/14.3.1/../../../../arm-none-eabi/lib/thumb/v7-m/nofp\libg_nano.a(libc_a-atoi.o)
                              CMakeFiles/Light.dir/Core/Src/uart_protocol.c.obj (atoi)
C:/Users/18269/AppData/Local/stm32cube/bundles/gnu-tools-for-stm32/14.3.1+st.2/bin/../lib/gcc/arm-none-eabi/14.3.1/../../../../arm-none-eabi/lib/thumb/v7-m/nofp\libg_nano.a(libc_a-exit.o)
                              C:/Users/18269/AppData/Local/stm32cube/bundles/gnu-tools-for-stm32/14.3.1+st.2/bin/../lib/gcc/arm-none-eabi/14.3.1/../../../../arm-none-eabi/lib/thumb/v7-m/nofp/crt0.o (exit)
C:/Users/18269/AppData/Local/stm32cube/bundles/gnu-tools-for-stm32/14.3.1+st.2/bin/../lib/gcc/arm-none-eabi/14.3.1/../../../../arm-none-eabi/lib/thumb/v7-m/nofp\libg_nano.a(libc_a-strtol.o)
                              C:/Users/18269/AppData/Local/stm32cube/bundles/gnu-tools-for-stm32/14.3.1+st.2/bin/../lib/gcc/arm-none-eabi/14.3.1/../../../../arm-none-eabi/lib/thumb/v7-m/nofp\libg_nano.a(libc_a-atoi.o) (_strtol_r)
C:/Users/18269/AppData/Local/stm32cube/bundles/gnu-tools-for-stm32/14.3.1+st.2/bin/../lib/gcc/arm-none-eabi/14.3.1/../../../../arm-none-eabi/lib/thumb/v7-m/nofp\libg_nano.a(libc_a-ctype_.o)
                              C:/Users/18269/AppData/Local/stm32cube/bundles/gnu-tools-for-stm32/14.3.1+st.2/bin/../lib/gcc/arm-none-eabi/14.3.1/../../../../arm-none-eabi/lib/thumb/v7-m/nofp\libg_nano.a(libc_a-strtol.o) (_ctype_)
C:/Users/18269/AppData/Local/stm32cube/bundles/gnu-tools-for-stm32/14.3.1+st.2/bin/../lib/gcc/arm-none-eabi/14.3.1/../../../../arm-none-eabi/lib/thumb/v7-m/nofp\libg_nano.a(libc_a-findfp.o)
                              C:/Users/18269/AppData/Local/stm32cube/bundles/gnu-tools-for-stm32/14.3.1+st.2/bin/../lib/gcc/arm-none-eabi/14.3.1/../../../../arm-none-eabi/lib/thumb/v7-m/nofp\libg_nano.a(libc_a-exit.o) (__stdio_exit_handler)
C:/Users/18269/AppData/Local/stm32cube/bundles/gnu-tools-for-stm32/14.3.1+st.2/bin/../lib/gcc/arm-none-eabi/14.3.1/../../../../arm-none-eabi/lib/thumb/v7-m/nofp\libg_nano.a(libc_a-fwalk.o)
                              C:/Users/18269/AppData/Local/stm32cube/bundles/gnu-tools-for-stm32/14.3.1+st.2/bin/../lib/gcc/arm-none-eabi/14.3.1/../../../../arm-none-eabi/lib/thumb/v7-m/nofp\libg_nano.a(libc_a-findfp.o) (_fwalk_sglue)
C:/Users/18269/AppData/Local/stm32cube/bundles/gnu-tools-for-stm32/14.3.1+st.2/bin/../lib/gcc/arm-none-eabi/14.3.1/../../../../arm-none-eabi/lib/thumb/v7-m/nofp\libg_nano.a(libc_a-snprintf.o)
                              CMakeFiles/Light.dir/Core/Src/uart_protocol.c.obj (snprintf)
C:/Users/18269/AppData/Local/stm32cube/bundles/gnu-tools-for-stm32/14.3.1+st.2/bin/../lib/gcc/arm-none-eabi/14.3.1/../../../../arm-none-eabi/lib/thumb/v7-m/nofp\libg_nano.a(libc_a-stdio.o)
                              C:/Users/18269/AppData/Local/stm32cube/bundles/gnu-tools-for-stm32/14.3.1+st.2/bin/../lib/gcc/arm-none-eabi/14.3.1/../../../../arm-none-eabi/lib/thumb/v7-m/nofp\libg_nano.a(libc_a-findfp.o) (__sread)
C:/Users/18269/AppData/Local/stm32cube/bundles/gnu-tools-for-stm32/14.3.1+st.2/bin/../lib/gcc/arm-none-eabi/14.3.1/../../../../arm-none-eabi/lib/thumb/v7-m/nofp\libg_nano.a(libc_a-memset.o)
                              C:/Users/18269/AppData/Local/stm32cube/bundles/gnu-tools-for-stm32/14.3.1+st.2/bin/../lib/gcc/arm-none-eabi/14.3.1/../../../../arm-none-eabi/lib/thumb/v7-m/nofp/crt0.o (memset)
C:/Users/18269/AppData/Local/stm32cube/bundles/gnu-tools-for-stm32/14.3.1+st.2/bin/../lib/gcc/arm-none-eabi/14.3.1/../../../../arm-none-eabi/lib/thumb/v7-m/nofp\libg_nano.a(libc_a-strchr.o)
                              CMakeFiles/Light.dir/Core/Src/uart_protocol.c.obj (strchr)
C:/Users/18269/AppData/Local/stm32cube/bundles/gnu-tools-for-stm32/14.3.1+st.2/bin/../lib/gcc/arm-none-eabi/14.3.1/../../../../arm-none-eabi/lib/thumb/v7-m/nofp\libg_nano.a(libc_a-closer.o)
                              C:/Users/18269/AppData/Local/stm32cube/bundles/gnu-tools-for-stm32/14.3.1+st.2/bin/../lib/gcc/arm-none-eabi/14.3.1/../../../../arm-none-eabi/lib/thumb/v7-m/nofp\libg_nano.a(libc_a-stdio.o) (_close_r)
C:/Users/18269/AppData/Local/stm32cube/bundles/gnu-tools-for-stm32/14.3.1+st.2/bin/../lib/gcc/arm-none-eabi/14.3.1/../../../../arm-none-eabi/lib/thumb/v7-m/nofp\libg_nano.a(libc_a-reent.o)
                              C:/Users/18269/AppData/Local/stm32cube/bundles/gnu-tools-for-stm32/14.3.1+st.2/bin/../lib/gcc/arm-none-eabi/14.3.1/../../../../arm-none-eabi/lib/thumb/v7-m/nofp\libg_nano.a(libc_a-closer.o) (errno)
C:/Users/18269/AppData/Local/stm32cube/bundles/gnu-tools-for-stm32/14.3.1+st.2/bin/../lib/gcc/arm-none-eabi/14.3.1/../../../../arm-none-eabi/lib/thumb/v7-m/nofp\libg_nano.a(libc_a-impure.o)
[...]
Memory Configuration

Name             Origin             Length             Attributes
RAM              0x20000000         0x00005000         xrw
FLASH            0x08000000         0x00010000         xr
*default*        0x00000000         0xffffffff

Linker script and memory map

LOAD C:/Users/18269/AppData/Local/stm32cube/bundles/gnu-tools-for-stm32/14.3.1+st.2/bin/../lib/gcc/arm-none-eabi/14.3.1/thumb/v7-m/nofp/crti.o
LOAD C:/Users/18269/AppData/Local/stm32cube/bundles/gnu-tools-for-stm32/14.3.1+st.2/bin/../lib/gcc/arm-none-eabi/14.3.1/thumb/v7-m/nofp/crtbegin.o
LOAD C:/Users/18269/AppData/Local/stm32cube/bundles/gnu-tools-for-stm32/14.3.1+st.2/bin/../lib/gcc/arm-none-eabi/14.3.1/../../../../arm-none-eabi/lib/thumb/v7-m/nofp/crt0.o
LOAD cmake/stm32cubemx/CMakeFiles/STM32_Drivers.dir/__/__/Core/Src/system_stm32f1xx.c.obj
LOAD cmake/stm32cubemx/CMakeFiles/STM32_Drivers.dir/__/__/Drivers/STM32F1xx_HAL_Driver/Src/stm32f1xx_hal_gpio_ex.c.obj
LOAD cmake/stm32cubemx/CMakeFiles/STM32_Drivers.dir/__/__/Drivers/STM32F1xx_HAL_Driver/Src/stm32f1xx_hal_tim.c.obj
LOAD cmake/stm32cubemx/CMakeFiles/STM32_Drivers.dir/__/__/Drivers/STM32F1xx_HAL_Driver/Src/stm32f1xx_hal_tim_ex.c.obj
LOAD cmake/stm32cubemx/CMakeFiles/STM32_Drivers.dir/__/__/Drivers/STM32F1xx_HAL_Driver/Src/stm32f1xx_hal.c.obj
LOAD cmake/stm32cubemx/CMakeFiles/STM32_Drivers.dir/__/__/Drivers/STM32F1xx_HAL_Driver/Src/stm32f1xx_hal_rcc.c.obj
LOAD cmake/stm32cubemx/CMakeFiles/STM32_Drivers.dir/__/__/Drivers/STM32F1xx_HAL_Driver/Src/stm32f1xx_hal_rcc_ex.c.obj
LOAD cmake/stm32cubemx/CMakeFiles/STM32_Drivers.dir/__/__/Drivers/STM32F1xx_HAL_Driver/Src/stm32f1xx_hal_gpio.c.obj
LOAD cmake/stm32cubemx/CMakeFiles/STM32_Drivers.dir/__/__/Drivers/STM32F1xx_HAL_Driver/Src/stm32f1xx_hal_dma.c.obj
LOAD cmake/stm32cubemx/CMakeFiles/STM32_Drivers.dir/__/__/Drivers/STM32F1xx_HAL_Driver/Src/stm32f1xx_hal_cortex.c.obj
LOAD cmake/stm32cubemx/CMakeFiles/STM32_Drivers.dir/__/__/Drivers/STM32F1xx_HAL_Driver/Src/stm32f1xx_hal_pwr.c.obj
LOAD cmake/stm32cubemx/CMakeFiles/STM32_Drivers.dir/__/__/Drivers/STM32F1xx_HAL_Driver/Src/stm32f1xx_hal_flash.c.obj
LOAD cmake/stm32cubemx/CMakeFiles/STM32_Drivers.dir/__/__/Drivers/STM32F1xx_HAL_Driver/Src/stm32f1xx_hal_flash_ex.c.obj
LOAD cmake/stm32cubemx/CMakeFiles/STM32_Drivers.dir/__/__/Drivers/STM32F1xx_HAL_Driver/Src/stm32f1xx_hal_exti.c.obj
LOAD cmake/stm32cubemx/CMakeFiles/STM32_Drivers.dir/__/__/Drivers/STM32F1xx_HAL_Driver/Src/stm32f1xx_hal_uart.c.obj
LOAD CMakeFiles/Light.dir/Core/Src/main.c.obj
LOAD CMakeFiles/Light.dir/Core/Src/gpio.c.obj
LOAD CMakeFiles/Light.dir/Core/Src/dma.c.obj
LOAD CMakeFiles/Light.dir/Core/Src/tim.c.obj
LOAD CMakeFiles/Light.dir/Core/Src/usart.c.obj
LOAD CMakeFiles/Light.dir/Core/Src/stm32f1xx_it.c.obj
LOAD CMakeFiles/Light.dir/Core/Src/stm32f1xx_hal_msp.c.obj
LOAD CMakeFiles/Light.dir/Core/Src/sysmem.c.obj
LOAD CMakeFiles/Light.dir/Core/Src/syscalls.c.obj
LOAD CMakeFiles/Light.dir/Core/Src/buzzer.c.obj
LOAD CMakeFiles/Light.dir/Core/Src/fatigue_feedback.c.obj
LOAD CMakeFiles/Light.dir/Core/Src/uart_protocol.c.obj
LOAD CMakeFiles/Light.dir/Core/Src/ws2812b.c.obj
LOAD CMakeFiles/Light.dir/startup_stm32f103xb.s.obj
LOAD C:/Users/18269/AppData/Local/stm32cube/bundles/gnu-tools-for-stm32/14.3.1+st.2/bin/../lib/gcc/arm-none-eabi/14.3.1/../../../../arm-none-eabi/lib/thumb/v7-m/nofp\libm.a
START GROUP
LOAD C:/Users/18269/AppData/Local/stm32cube/bundles/gnu-tools-for-stm32/14.3.1+st.2/bin/../lib/gcc/arm-none-eabi/14.3.1/thumb/v7-m/nofp\libgcc.a
LOAD C:/Users/18269/AppData/Local/stm32cube/bundles/gnu-tools-for-stm32/14.3.1+st.2/bin/../lib/gcc/arm-none-eabi/14.3.1/../../../../arm-none-eabi/lib/thumb/v7-m/nofp\libg_nano.a
LOAD C:/Users/18269/AppData/Local/stm32cube/bundles/gnu-tools-for-stm32/14.3.1+st.2/bin/../lib/gcc/arm-none-eabi/14.3.1/../../../../arm-none-eabi/lib/thumb/v7-m/nofp\libc_nano.a
END GROUP
START GROUP
LOAD C:/Users/18269/AppData/Local/stm32cube/bundles/gnu-tools-for-stm32/14.3.1+st.2/bin/../lib/gcc/arm-none-eabi/14.3.1/thumb/v7-m/nofp\libgcc.a
LOAD C:/Users/18269/AppData/Local/stm32cube/bundles/gnu-tools-for-stm32/14.3.1+st.2/bin/../lib/gcc/arm-none-eabi/14.3.1/../../../../arm-none-eabi/lib/thumb/v7-m/nofp\libc_nano.a
END GROUP
LOAD C:/Users/18269/AppData/Local/stm32cube/bundles/gnu-tools-for-stm32/14.3.1+st.2/bin/../lib/gcc/arm-none-eabi/14.3.1/thumb/v7-m/nofp/crtend.o
LOAD C:/Users/18269/AppData/Local/stm32cube/bundles/gnu-tools-for-stm32/14.3.1+st.2/bin/../lib/gcc/arm-none-eabi/14.3.1/thumb/v7-m/nofp/crtn.o
                0x20005000                        _estack = (ORIGIN (RAM) + LENGTH (RAM))
                0x00000200                        _Min_Heap_Size = 0x200
                0x00000400                        _Min_Stack_Size = 0x400

.isr_vector     0x08000000      0x10c
                0x08000000                        . = ALIGN (0x4)
 *(.isr_vector)
 .isr_vector    0x08000000      0x10c CMakeFiles/Light.dir/startup_stm32f103xb.s.obj
                0x08000000                g_pfnVectors
                0x0800010c                        . = ALIGN (0x4)

.text           0x0800010c     0x4f10
                0x0800010c                        . = ALIGN (0x4)
 *(.text)
 .text          0x0800010c       0x40 C:/Users/18269/AppData/Local/stm32cube/bundles/gnu-tools-for-stm32/14.3.1+st.2/bin/../lib/gcc/arm-none-eabi/14.3.1/thumb/v7-m/nofp/crtbegin.o
 *(.text*)
 .text.SystemInit
                0x0800014c        0xc cmake/stm32cubemx/CMakeFiles/STM32_Drivers.dir/__/__/Core/Src/system_stm32f1xx.c.obj
                0x0800014c                SystemInit
 .text.HAL_TIM_Base_Init
                0x08000158       0x9e cmake/stm32cubemx/CMakeFiles/STM32_Drivers.dir/__/__/Drivers/STM32F1xx_HAL_Driver/Src/stm32f1xx_hal_tim.c.obj
                0x08000158                HAL_TIM_Base_Init
 .text.HAL_TIM_PWM_Init
                0x080001f6       0x9e cmake/stm32cubemx/CMakeFiles/STM32_Drivers.dir/__/__/Drivers/STM32F1xx_HAL_Driver/Src/stm32f1xx_hal_tim.c.obj
                0x080001f6                HAL_TIM_PWM_Init
 .text.HAL_TIM_PWM_MspInit
                0x08000294       0x12 cmake/stm32cubemx/CMakeFiles/STM32_Drivers.dir/__/__/Drivers/STM32F1xx_HAL_Driver/Src/stm32f1xx_hal_tim.c.obj
                0x08000294                HAL_TIM_PWM_MspInit
 *fill*         0x080002a6        0x2 
 .text.HAL_TIM_PWM_Start
                0x080002a8      0x144 cmake/stm32cubemx/CMakeFiles/STM32_Drivers.dir/__/__/Drivers/STM32F1xx_HAL_Driver/Src/stm32f1xx_hal_tim.c.obj
                0x080002a8                HAL_TIM_PWM_Start
 .text.HAL_TIM_PWM_Start_DMA
                0x080003ec      0x344 cmake/stm32cubemx/CMakeFiles/STM32_Drivers.dir/__/__/Drivers/STM32F1xx_HAL_Driver/Src/stm32f1xx_hal_tim.c.obj
                0x080003ec                HAL_TIM_PWM_Start_DMA
 .text.HAL_TIM_PWM_Stop_DMA
                0x08000730      0x18c cmake/stm32cubemx/CMakeFiles/STM32_Drivers.dir/__/__/Drivers/STM32F1xx_HAL_Driver/Src/stm32f1xx_hal_tim.c.obj
                0x08000730                HAL_TIM_PWM_Stop_DMA
 .text.HAL_TIM_IRQHandler
                0x080008bc      0x1e0 cmake/stm32cubemx/CMakeFiles/STM32_Drivers.dir/__/__/Drivers/STM32F1xx_HAL_Driver/Src/stm32f1xx_hal_tim.c.obj
                0x080008bc                HAL_TIM_IRQHandler
 .text.HAL_TIM_PWM_ConfigChannel
                0x08000a9c      0x184 cmake/stm32cubemx/CMakeFiles/STM32_Drivers.dir/__/__/Drivers/STM32F1xx_HAL_Driver/Src/stm32f1xx_hal_tim.c.obj
                0x08000a9c                HAL_TIM_PWM_ConfigChannel
 .text.HAL_TIM_ConfigClockSource
                0x08000c20      0x18e cmake/stm32cubemx/CMakeFiles/STM32_Drivers.dir/__/__/Drivers/STM32F1xx_HAL_Driver/Src/stm32f1xx_hal_tim.c.obj
                0x08000c20                HAL_TIM_ConfigClockSource
 .text.HAL_TIM_PeriodElapsedCallback
                0x08000dae       0x12 cmake/stm32cubemx/CMakeFiles/STM32_Drivers.dir/__/__/Drivers/STM32F1xx_HAL_Driver/Src/stm32f1xx_hal_tim.c.obj
                0x08000dae                HAL_TIM_PeriodElapsedCallback
 .text.HAL_TIM_OC_DelayElapsedCallback
                0x08000dc0       0x12 cmake/stm32cubemx/CMakeFiles/STM32_Drivers.dir/__/__/Drivers/STM32F1xx_HAL_Driver/Src/stm32f1xx_hal_tim.c.obj
                0x08000dc0                HAL_TIM_OC_DelayElapsedCallback
 .text.HAL_TIM_IC_CaptureCallback
                0x08000dd2       0x12 cmake/stm32cubemx/CMakeFiles/STM32_Drivers.dir/__/__/Drivers/STM32F1xx_HAL_Driver/Src/stm32f1xx_hal_tim.c.obj
                0x08000dd2                HAL_TIM_IC_CaptureCallback
 .text.HAL_TIM_PWM_PulseFinishedHalfCpltCallback
                0x08000de4       0x12 cmake/stm32cubemx/CMakeFiles/STM32_Drivers.dir/__/__/Drivers/STM32F1xx_HAL_Driver/Src/stm32f1xx_hal_tim.c.obj
                0x08000de4                HAL_TIM_PWM_PulseFinishedHalfCpltCallback
 .text.HAL_TIM_TriggerCallback
                0x08000df6       0x12 cmake/stm32cubemx/CMakeFiles/STM32_Drivers.dir/__/__/Drivers/STM32F1xx_HAL_Driver/Src/stm32f1xx_hal_tim.c.obj
                0x08000df6                HAL_TIM_TriggerCallback
 .text.HAL_TIM_ErrorCallback
                0x08000e08       0x12 cmake/stm32cubemx/CMakeFiles/STM32_Drivers.dir/__/__/Drivers/STM32F1xx_HAL_Driver/Src/stm32f1xx_hal_tim.c.obj
                0x08000e08                HAL_TIM_ErrorCallback
 .text.TIM_DMAError
                0x08000e1a       0x92 cmake/stm32cubemx/CMakeFiles/STM32_Drivers.dir/__/__/Drivers/STM32F1xx_HAL_Driver/Src/stm32f1xx_hal_tim.c.obj
                0x08000e1a                TIM_DMAError
 .text.TIM_DMADelayPulseCplt
                0x08000eac       0xa8 cmake/stm32cubemx/CMakeFiles/STM32_Drivers.dir/__/__/Drivers/STM32F1xx_HAL_Driver/Src/stm32f1xx_hal_tim.c.obj
 .text.TIM_DMADelayPulseHalfCplt
                0x08000f54       0x68 cmake/stm32cubemx/CMakeFiles/STM32_Drivers.dir/__/__/Drivers/STM32F1xx_HAL_Driver/Src/stm32f1xx_hal_tim.c.obj
                0x08000f54                TIM_DMADelayPulseHalfCplt
 .text.TIM_Base_SetConfig
                0x08000fbc       0xdc cmake/stm32cubemx/CMakeFiles/STM32_Drivers.dir/__/__/Drivers/STM32F1xx_HAL_Driver/Src/stm32f1xx_hal_tim.c.obj
                0x08000fbc                TIM_Base_SetConfig
 .text.TIM_OC1_SetConfig
                0x08001098       0xcc cmake/stm32cubemx/CMakeFiles/STM32_Drivers.dir/__/__/Drivers/STM32F1xx_HAL_Driver/Src/stm32f1xx_hal_tim.c.obj
 .text.TIM_OC2_SetConfig
                0x08001164       0xd4 cmake/stm32cubemx/CMakeFiles/STM32_Drivers.dir/__/__/Drivers/STM32F1xx_HAL_Driver/Src/stm32f1xx_hal_tim.c.obj
                0x08001164                TIM_OC2_SetConfig
 .text.TIM_OC3_SetConfig
                0x08001238       0xd4 cmake/stm32cubemx/CMakeFiles/STM32_Drivers.dir/__/__/Drivers/STM32F1xx_HAL_Driver/Src/stm32f1xx_hal_tim.c.obj
 .text.TIM_OC4_SetConfig
                0x0800130c       0x9c cmake/stm32cubemx/CMakeFiles/STM32_Drivers.dir/__/__/Drivers/STM32F1xx_HAL_Driver/Src/stm32f1xx_hal_tim.c.obj
 .text.TIM_TI1_ConfigInputStage
                0x080013a8       0x5c cmake/stm32cubemx/CMakeFiles/STM32_Drivers.dir/__/__/Drivers/STM32F1xx_HAL_Driver/Src/stm32f1xx_hal_tim.c.obj
 .text.TIM_TI2_ConfigInputStage
                0x08001404       0x5e cmake/stm32cubemx/CMakeFiles/STM32_Drivers.dir/__/__/Drivers/STM32F1xx_HAL_Driver/Src/stm32f1xx_hal_tim.c.obj
 .text.TIM_ITRx_SetConfig
                0x08001462       0x34 cmake/stm32cubemx/CMakeFiles/STM32_Drivers.dir/__/__/Drivers/STM32F1xx_HAL_Driver/Src/stm32f1xx_hal_tim.c.obj
 .text.TIM_ETR_SetConfig
                0x08001496       0x3e cmake/stm32cubemx/CMakeFiles/STM32_Drivers.dir/__/__/Drivers/STM32F1xx_HAL_Driver/Src/stm32f1xx_hal_tim.c.obj
                0x08001496                TIM_ETR_SetConfig
 .text.TIM_CCxChannelCmd
                0x080014d4       0x48 cmake/stm32cubemx/CMakeFiles/STM32_Drivers.dir/__/__/Drivers/STM32F1xx_HAL_Driver/Src/stm32f1xx_hal_tim.c.obj
                0x080014d4                TIM_CCxChannelCmd
 .text.HAL_TIMEx_MasterConfigSynchronization
                0x0800151c       0xbc cmake/stm32cubemx/CMakeFiles/STM32_Drivers.dir/__/__/Drivers/STM32F1xx_HAL_Driver/Src/stm32f1xx_hal_tim_ex.c.obj
                0x0800151c                HAL_TIMEx_MasterConfigSynchronization
 .text.HAL_TIMEx_CommutCallback
                0x080015d8       0x12 cmake/stm32cubemx/CMakeFiles/STM32_Drivers.dir/__/__/Drivers/STM32F1xx_HAL_Driver/Src/stm32f1xx_hal_tim_ex.c.obj
                0x080015d8                HAL_TIMEx_CommutCallback
 .text.HAL_TIMEx_BreakCallback
                0x080015ea       0x12 cmake/stm32cubemx/CMakeFiles/STM32_Drivers.dir/__/__/Drivers/STM32F1xx_HAL_Driver/Src/stm32f1xx_hal_tim_ex.c.obj
                0x080015ea                HAL_TIMEx_BreakCallback
 .text.HAL_Init
                0x080015fc       0x2c cmake/stm32cubemx/CMakeFiles/STM32_Drivers.dir/__/__/Drivers/STM32F1xx_HAL_Driver/Src/stm32f1xx_hal.c.obj
                0x080015fc                HAL_Init
 .text.HAL_InitTick
                0x08001628       0x60 cmake/stm32cubemx/CMakeFiles/STM32_Drivers.dir/__/__/Drivers/STM32F1xx_HAL_Driver/Src/stm32f1xx_hal.c.obj
                0x08001628                HAL_InitTick
 .text.HAL_IncTick
                0x08001688       0x24 cmake/stm32cubemx/CMakeFiles/STM32_Drivers.dir/__/__/Drivers/STM32F1xx_HAL_Driver/Src/stm32f1xx_hal.c.obj
                0x08001688                HAL_IncTick
 .text.HAL_GetTick
                0x080016ac       0x14 cmake/stm32cubemx/CMakeFiles/STM32_Drivers.dir/__/__/Drivers/STM32F1xx_HAL_Driver/Src/stm32f1xx_hal.c.obj
                0x080016ac                HAL_GetTick
 .text.HAL_RCC_OscConfig
                0x080016c0      0x504 cmake/stm32cubemx/CMakeFiles/STM32_Drivers.dir/__/__/Drivers/STM32F1xx_HAL_Driver/Src/stm32f1xx_hal_rcc.c.obj
                0x080016c0                HAL_RCC_OscConfig
 .text.HAL_RCC_ClockConfig
                0x08001bc4      0x1d4 cmake/stm32cubemx/CMakeFiles/STM32_Drivers.dir/__/__/Drivers/STM32F1xx_HAL_Driver/Src/stm32f1xx_hal_rcc.c.obj
                0x08001bc4                HAL_RCC_ClockConfig
 .text.HAL_RCC_GetSysClockFreq
                0x08001d98       0xa8 cmake/stm32cubemx/CMakeFiles/STM32_Drivers.dir/__/__/Drivers/STM32F1xx_HAL_Driver/Src/stm32f1xx_hal_rcc.c.obj
                0x08001d98                HAL_RCC_GetSysClockFreq
 .text.HAL_RCC_GetHCLKFreq
                0x08001e40       0x14 cmake/stm32cubemx/CMakeFiles/STM32_Drivers.dir/__/__/Drivers/STM32F1xx_HAL_Driver/Src/stm32f1xx_hal_rcc.c.obj
                0x08001e40                HAL_RCC_GetHCLKFreq
 .text.HAL_RCC_GetPCLK1Freq
                0x08001e54       0x28 cmake/stm32cubemx/CMakeFiles/STM32_Drivers.dir/__/__/Drivers/STM32F1xx_HAL_Driver/Src/stm32f1xx_hal_rcc.c.obj
                0x08001e54                HAL_RCC_GetPCLK1Freq
 .text.HAL_RCC_GetPCLK2Freq
                0x08001e7c       0x28 cmake/stm32cubemx/CMakeFiles/STM32_Drivers.dir/__/__/Drivers/STM32F1xx_HAL_Driver/Src/stm32f1xx_hal_rcc.c.obj
                0x08001e7c                HAL_RCC_GetPCLK2Freq
 .text.RCC_Delay
                0x08001ea4       0x3c cmake/stm32cubemx/CMakeFiles/STM32_Drivers.dir/__/__/Drivers/STM32F1xx_HAL_Driver/Src/stm32f1xx_hal_rcc.c.obj
 .text.HAL_GPIO_Init
                0x08001ee0      0x308 cmake/stm32cubemx/CMakeFiles/STM32_Drivers.dir/__/__/Drivers/STM32F1xx_HAL_Driver/Src/stm32f1xx_hal_gpio.c.obj
                0x08001ee0                HAL_GPIO_Init
 .text.HAL_DMA_Init
                0x080021e8       0xb4 cmake/stm32cubemx/CMakeFiles/STM32_Drivers.dir/__/__/Drivers/STM32F1xx_HAL_Driver/Src/stm32f1xx_hal_dma.c.obj
                0x080021e8                HAL_DMA_Init
 .text.HAL_DMA_Start_IT
                0x0800229c       0xc0 cmake/stm32cubemx/CMakeFiles/STM32_Drivers.dir/__/__/Drivers/STM32F1xx_HAL_Driver/Src/stm32f1xx_hal_dma.c.obj
                0x0800229c                HAL_DMA_Start_IT
 .text.HAL_DMA_Abort
                0x0800235c       0x76 cmake/stm32cubemx/CMakeFiles/STM32_Drivers.dir/__/__/Drivers/STM32F1xx_HAL_Driver/Src/stm32f1xx_hal_dma.c.obj
                0x0800235c                HAL_DMA_Abort
 *fill*         0x080023d2        0x2 
 .text.HAL_DMA_Abort_IT
                0x080023d4       0xf0 cmake/stm32cubemx/CMakeFiles/STM32_Drivers.dir/__/__/Drivers/STM32F1xx_HAL_Driver/Src/stm32f1xx_hal_dma.c.obj
                0x080023d4                HAL_DMA_Abort_IT
 .text.HAL_DMA_IRQHandler
                0x080024c4      0x20c cmake/stm32cubemx/CMakeFiles/STM32_Drivers.dir/__/__/Drivers/STM32F1xx_HAL_Driver/Src/stm32f1xx_hal_dma.c.obj
                0x080024c4                HAL_DMA_IRQHandler
 .text.DMA_SetConfig
                0x080026d0       0x5a cmake/stm32cubemx/CMakeFiles/STM32_Drivers.dir/__/__/Drivers/STM32F1xx_HAL_Driver/Src/stm32f1xx_hal_dma.c.obj
 *fill*         0x0800272a        0x2 
 .text.__NVIC_SetPriorityGrouping
                0x0800272c       0x48 cmake/stm32cubemx/CMakeFiles/STM32_Drivers.dir/__/__/Drivers/STM32F1xx_HAL_Driver/Src/stm32f1xx_hal_cortex.c.obj
 .text.__NVIC_GetPriorityGrouping
                0x08002774       0x1c cmake/stm32cubemx/CMakeFiles/STM32_Drivers.dir/__/__/Drivers/STM32F1xx_HAL_Driver/Src/stm32f1xx_hal_cortex.c.obj
 .text.__NVIC_EnableIRQ
                0x08002790       0x38 cmake/stm32cubemx/CMakeFiles/STM32_Drivers.dir/__/__/Drivers/STM32F1xx_HAL_Driver/Src/stm32f1xx_hal_cortex.c.obj
 .text.__NVIC_SetPriority
                0x080027c8       0x54 cmake/stm32cubemx/CMakeFiles/STM32_Drivers.dir/__/__/Drivers/STM32F1xx_HAL_Driver/Src/stm32f1xx_hal_cortex.c.obj
 .text.NVIC_EncodePriority
                0x0800281c       0x64 cmake/stm32cubemx/CMakeFiles/STM32_Drivers.dir/__/__/Drivers/STM32F1xx_HAL_Driver/Src/stm32f1xx_hal_cortex.c.obj
 .text.SysTick_Config
                0x08002880       0x44 cmake/stm32cubemx/CMakeFiles/STM32_Drivers.dir/__/__/Drivers/STM32F1xx_HAL_Driver/Src/stm32f1xx_hal_cortex.c.obj
 .text.HAL_NVIC_SetPriorityGrouping
                0x080028c4       0x16 cmake/stm32cubemx/CMakeFiles/STM32_Drivers.dir/__/__/Drivers/STM32F1xx_HAL_Driver/Src/stm32f1xx_hal_cortex.c.obj
                0x080028c4                HAL_NVIC_SetPriorityGrouping
 .text.HAL_NVIC_SetPriority
                0x080028da       0x38 cmake/stm32cubemx/CMakeFiles/STM32_Drivers.dir/__/__/Drivers/STM32F1xx_HAL_Driver/Src/stm32f1xx_hal_cortex.c.obj
                0x080028da                HAL_NVIC_SetPriority
 .text.HAL_NVIC_EnableIRQ
                0x08002912       0x1c cmake/stm32cubemx/CMakeFiles/STM32_Drivers.dir/__/__/Drivers/STM32F1xx_HAL_Driver/Src/stm32f1xx_hal_cortex.c.obj
                0x08002912                HAL_NVIC_EnableIRQ
 .text.HAL_SYSTICK_Config
                0x0800292e       0x18 cmake/stm32cubemx/CMakeFiles/STM32_Drivers.dir/__/__/Drivers/STM32F1xx_HAL_Driver/Src/stm32f1xx_hal_cortex.c.obj
                0x0800292e                HAL_SYSTICK_Config
 .text.HAL_UART_Init
                0x08002946       0xa0 cmake/stm32cubemx/CMakeFiles/STM32_Drivers.dir/__/__/Drivers/STM32F1xx_HAL_Driver/Src/stm32f1xx_hal_uart.c.obj
                0x08002946                HAL_UART_Init
 .text.HAL_UART_Receive_IT
                0x080029e6       0x4a cmake/stm32cubemx/CMakeFiles/STM32_Drivers.dir/__/__/Drivers/STM32F1xx_HAL_Driver/Src/stm32f1xx_hal_uart.c.obj
                0x080029e6                HAL_UART_Receive_IT
 .text.HAL_UART_IRQHandler
                0x08002a30      0x524 cmake/stm32cubemx/CMakeFiles/STM32_Drivers.dir/__/__/Drivers/STM32F1xx_HAL_Driver/Src/stm32f1xx_hal_uart.c.obj
                0x08002a30                HAL_UART_IRQHandler
 .text.HAL_UART_TxCpltCallback
                0x08002f54       0x12 cmake/stm32cubemx/CMakeFiles/STM32_Drivers.dir/__/__/Drivers/STM32F1xx_HAL_Driver/Src/stm32f1xx_hal_uart.c.obj
                0x08002f54                HAL_UART_TxCpltCallback
 .text.HAL_UART_ErrorCallback
                0x08002f66       0x12 cmake/stm32cubemx/CMakeFiles/STM32_Drivers.dir/__/__/Drivers/STM32F1xx_HAL_Driver/Src/stm32f1xx_hal_uart.c.obj
                0x08002f66                HAL_UART_ErrorCallback
 .text.HAL_UARTEx_RxEventCallback
                0x08002f78       0x16 cmake/stm32cubemx/CMakeFiles/STM32_Drivers.dir/__/__/Drivers/STM32F1xx_HAL_Driver/Src/stm32f1xx_hal_uart.c.obj
                0x08002f78                HAL_UARTEx_RxEventCallback
 .text.UART_Start_Receive_IT
                0x08002f8e       0x72 cmake/stm32cubemx/CMakeFiles/STM32_Drivers.dir/__/__/Drivers/STM32F1xx_HAL_Driver/Src/stm32f1xx_hal_uart.c.obj
                0x08002f8e                UART_Start_Receive_IT
 .text.UART_EndRxTransfer
                0x08003000       0xc4 cmake/stm32cubemx/CMakeFiles/STM32_Drivers.dir/__/__/Drivers/STM32F1xx_HAL_Driver/Src/stm32f1xx_hal_uart.c.obj
 .text.UART_DMAAbortOnError
                0x080030c4       0x28 cmake/stm32cubemx/CMakeFiles/STM32_Drivers.dir/__/__/Drivers/STM32F1xx_HAL_Driver/Src/stm32f1xx_hal_uart.c.obj
 .text.UART_Transmit_IT
                0x080030ec       0x9e cmake/stm32cubemx/CMakeFiles/STM32_Drivers.dir/__/__/Drivers/STM32F1xx_HAL_Driver/Src/stm32f1xx_hal_uart.c.obj
 .text.UART_EndTransmit_IT
                0x0800318a       0x30 cmake/stm32cubemx/CMakeFiles/STM32_Drivers.dir/__/__/Drivers/STM32F1xx_HAL_Driver/Src/stm32f1xx_hal_uart.c.obj
 .text.UART_Receive_IT
                0x080031ba      0x17c cmake/stm32cubemx/CMakeFiles/STM32_Drivers.dir/__/__/Drivers/STM32F1xx_HAL_Driver/Src/stm32f1xx_hal_uart.c.obj
 *fill*         0x08003336        0x2 
 .text.UART_SetConfig
                0x08003338      0x11c cmake/stm32cubemx/CMakeFiles/STM32_Drivers.dir/__/__/Drivers/STM32F1xx_HAL_Driver/Src/stm32f1xx_hal_uart.c.obj
 .text.main     0x08003454       0x6c CMakeFiles/Light.dir/Core/Src/main.c.obj
                0x08003454                main
 .text.SystemClock_Config
                0x080034c0       0x86 CMakeFiles/Light.dir/Core/Src/main.c.obj
                0x080034c0                SystemClock_Config
 .text.HAL_TIM_PWM_PulseFinishedCallback
                0x08003546       0x1e CMakeFiles/Light.dir/Core/Src/main.c.obj
                0x08003546                HAL_TIM_PWM_PulseFinishedCallback
 .text.Error_Handler
                0x08003564        0xc CMakeFiles/Light.dir/Core/Src/main.c.obj
                0x08003564                Error_Handler
 .text.MX_GPIO_Init
                0x08003570       0x44 CMakeFiles/Light.dir/Core/Src/gpio.c.obj
                0x08003570                MX_GPIO_Init
 .text.MX_DMA_Init
                0x080035b4       0x3c CMakeFiles/Light.dir/Core/Src/dma.c.obj
                0x080035b4                MX_DMA_Init
 .text.MX_TIM2_Init
                0x080035f0       0xe8 CMakeFiles/Light.dir/Core/Src/tim.c.obj
                0x080035f0                MX_TIM2_Init
 .text.MX_TIM3_Init
                0x080036d8       0xec CMakeFiles/Light.dir/Core/Src/tim.c.obj
                0x080036d8                MX_TIM3_Init
 .text.HAL_TIM_Base_MspInit
                0x080037c4       0xd8 CMakeFiles/Light.dir/Core/Src/tim.c.obj
                0x080037c4                HAL_TIM_Base_MspInit
 .text.HAL_TIM_MspPostInit
                0x0800389c       0xa0 CMakeFiles/Light.dir/Core/Src/tim.c.obj
                0x0800389c                HAL_TIM_MspPostInit
 .text.MX_USART1_UART_Init
                0x0800393c       0x54 CMakeFiles/Light.dir/Core/Src/usart.c.obj
                0x0800393c                MX_USART1_UART_Init
 .text.HAL_UART_MspInit
                0x08003990       0xa8 CMakeFiles/Light.dir/Core/Src/usart.c.obj
                0x08003990                HAL_UART_MspInit
 .text.NMI_Handler
                0x08003a38        0x8 CMakeFiles/Light.dir/Core/Src/stm32f1xx_it.c.obj
                0x08003a38                NMI_Handler
 .text.HardFault_Handler
                0x08003a40        0x8 CMakeFiles/Light.dir/Core/Src/stm32f1xx_it.c.obj
                0x08003a40                HardFault_Handler
 .text.MemManage_Handler
                0x08003a48        0x8 CMakeFiles/Light.dir/Core/Src/stm32f1xx_it.c.obj
                0x08003a48                MemManage_Handler
 .text.BusFault_Handler
                0x08003a50        0x8 CMakeFiles/Light.dir/Core/Src/stm32f1xx_it.c.obj
                0x08003a50                BusFault_Handler
 .text.UsageFault_Handler
                0x08003a58        0x8 CMakeFiles/Light.dir/Core/Src/stm32f1xx_it.c.obj
                0x08003a58                UsageFault_Handler
 .text.SVC_Handler
                0x08003a60        0xc CMakeFiles/Light.dir/Core/Src/stm32f1xx_it.c.obj
                0x08003a60                SVC_Handler
 .text.DebugMon_Handler
                0x08003a6c        0xc CMakeFiles/Light.dir/Core/Src/stm32f1xx_it.c.obj
                0x08003a6c                DebugMon_Handler
 .text.PendSV_Handler
                0x08003a78        0xc CMakeFiles/Light.dir/Core/Src/stm32f1xx_it.c.obj
                0x08003a78                PendSV_Handler
 .text.SysTick_Handler
                0x08003a84        0xc CMakeFiles/Light.dir/Core/Src/stm32f1xx_it.c.obj
                0x08003a84                SysTick_Handler
 .text.DMA1_Channel5_IRQHandler
                0x08003a90       0x14 CMakeFiles/Light.dir/Core/Src/stm32f1xx_it.c.obj
                0x08003a90                DMA1_Channel5_IRQHandler
 .text.TIM2_IRQHandler
                0x08003aa4       0x14 CMakeFiles/Light.dir/Core/Src/stm32f1xx_it.c.obj
                0x08003aa4                TIM2_IRQHandler
 .text.TIM3_IRQHandler
                0x08003ab8       0x14 CMakeFiles/Light.dir/Core/Src/stm32f1xx_it.c.obj
                0x08003ab8                TIM3_IRQHandler
 .text.USART1_IRQHandler
                0x08003acc       0x14 CMakeFiles/Light.dir/Core/Src/stm32f1xx_it.c.obj
                0x08003acc                USART1_IRQHandler
 .text.HAL_MspInit
                0x08003ae0       0x64 CMakeFiles/Light.dir/Core/Src/stm32f1xx_hal_msp.c.obj
                0x08003ae0                HAL_MspInit
 .text._sbrk    0x08003b44       0x6c CMakeFiles/Light.dir/Core/Src/sysmem.c.obj
                0x08003b44                _sbrk
 .text.Buzzer_Init
                0x08003bb0       0x68 CMakeFiles/Light.dir/Core/Src/buzzer.c.obj
                0x08003bb0                Buzzer_Init
 .text.Buzzer_SetMode
                0x08003c18       0xf0 CMakeFiles/Light.dir/Core/Src/buzzer.c.obj
                0x08003c18                Buzzer_SetMode
 .text.Buzzer_Tick
                0x08003d08      0x138 CMakeFiles/Light.dir/Core/Src/buzzer.c.obj
                0x08003d08                Buzzer_Tick
 .text.Feedback_Init
                0x08003e40       0x28 CMakeFiles/Light.dir/Core/Src/fatigue_feedback.c.obj
                0x08003e40                Feedback_Init
 .text.Feedback_SetLevel
                0x08003e68       0xb0 CMakeFiles/Light.dir/Core/Src/fatigue_feedback.c.obj
                0x08003e68                Feedback_SetLevel
 .text.Feedback_Tick
                0x08003f18       0x70 CMakeFiles/Light.dir/Core/Src/fatigue_feedback.c.obj
                0x08003f18                Feedback_Tick
 .text.UART_Protocol_Init
                0x08003f88       0x48 CMakeFiles/Light.dir/Core/Src/uart_protocol.c.obj
                0x08003f88                UART_Protocol_Init
 .text.UART_Protocol_RxCallback
                0x08003fd0       0x6c CMakeFiles/Light.dir/Core/Src/uart_protocol.c.obj
                0x08003fd0                UART_Protocol_RxCallback
 .text.hex_val  0x0800403c       0x52 CMakeFiles/Light.dir/Core/Src/uart_protocol.c.obj
 *fill*         0x0800408e        0x2 
 .text.UART_Protocol_Parse
                0x08004090      0x23c CMakeFiles/Light.dir/Core/Src/uart_protocol.c.obj
                0x08004090                UART_Protocol_Parse
 .text.HAL_UART_RxCpltCallback
                0x080042cc       0x2c CMakeFiles/Light.dir/Core/Src/uart_protocol.c.obj
                0x080042cc                HAL_UART_RxCpltCallback
 .text.WS2812B_Init
                0x080042f8       0x3c CMakeFiles/Light.dir/Core/Src/ws2812b.c.obj
                0x080042f8                WS2812B_Init
 .text.WS2812B_Fill
                0x08004334       0x54 CMakeFiles/Light.dir/Core/Src/ws2812b.c.obj
                0x08004334                WS2812B_Fill
 .text.WS2812B_Clear
                0x08004388       0x12 CMakeFiles/Light.dir/Core/Src/ws2812b.c.obj
                0x08004388                WS2812B_Clear
 *fill*         0x0800439a        0x2 
 .text.WS2812B_Update
                0x0800439c      0x12c CMakeFiles/Light.dir/Core/Src/ws2812b.c.obj
                0x0800439c                WS2812B_Update
 .text.WS2812B_DMA_Callback
                0x080044c8       0x2c CMakeFiles/Light.dir/Core/Src/ws2812b.c.obj
                0x080044c8                WS2812B_DMA_Callback
 .text.Reset_Handler
                0x080044f4       0x48 CMakeFiles/Light.dir/startup_stm32f103xb.s.obj
                0x080044f4                Reset_Handler
 .text.Default_Handler
                0x0800453c        0x2 CMakeFiles/Light.dir/startup_stm32f103xb.s.obj
                0x0800453c                RTC_Alarm_IRQHandler
                0x0800453c                EXTI2_IRQHandler
                0x0800453c                TIM1_CC_IRQHandler
                0x0800453c                PVD_IRQHandler
                0x0800453c                EXTI3_IRQHandler
                0x0800453c                EXTI0_IRQHandler
                0x0800453c                I2C2_EV_IRQHandler
                0x0800453c                ADC1_2_IRQHandler
                0x0800453c                SPI1_IRQHandler
                0x0800453c                TAMPER_IRQHandler
                0x0800453c                DMA1_Channel4_IRQHandler
                0x0800453c                USART3_IRQHandler
                0x0800453c                RTC_IRQHandler
                0x0800453c                DMA1_Channel7_IRQHandler
                0x0800453c                CAN1_RX1_IRQHandler
                0x0800453c                TIM4_IRQHandler
                0x0800453c                I2C1_EV_IRQHandler
                0x0800453c                DMA1_Channel6_IRQHandler
                0x0800453c                RCC_IRQHandler
                0x0800453c                TIM1_TRG_COM_IRQHandler
                0x0800453c                DMA1_Channel1_IRQHandler
                0x0800453c                Default_Handler
                0x0800453c                EXTI15_10_IRQHandler
                0x0800453c                EXTI9_5_IRQHandler
                0x0800453c                SPI2_IRQHandler
                0x0800453c                EXTI4_IRQHandler
                0x0800453c                USB_LP_CAN1_RX0_IRQHandler
                0x0800453c                USB_HP_CAN1_TX_IRQHandler
                0x0800453c                DMA1_Channel3_IRQHandler
                0x0800453c                TIM1_UP_IRQHandler
                0x0800453c                WWDG_IRQHandler
                0x0800453c                TIM1_BRK_IRQHandler
                0x0800453c                EXTI1_IRQHandler
                0x0800453c                USART2_IRQHandler
                0x0800453c                I2C2_ER_IRQHandler
                0x0800453c                DMA1_Channel2_IRQHandler
                0x0800453c                CAN1_SCE_IRQHandler
                0x0800453c                FLASH_IRQHandler
                0x0800453c                I2C1_ER_IRQHandler
                0x0800453c                USBWakeUp_IRQHandler
 .text.atoi     0x0800453e        0x8 C:/Users/18269/AppData/Local/stm32cube/bundles/gnu-tools-for-stm32/14.3.1+st.2/bin/../lib/gcc/arm-none-eabi/14.3.1/../../../../arm-none-eabi/lib/thumb/v7-m/nofp\libg_nano.a(libc_a-atoi.o)
                0x0800453e                atoi
 *fill*         0x08004546        0x2 
 .text._strtol_l.isra.0
                0x08004548       0xf4 C:/Users/18269/AppData/Local/stm32cube/bundles/gnu-tools-for-stm32/14.3.1+st.2/bin/../lib/gcc/arm-none-eabi/14.3.1/../../../../arm-none-eabi/lib/thumb/v7-m/nofp\libg_nano.a(libc_a-strtol.o)
 .text.strtol   0x0800463c       0x14 C:/Users/18269/AppData/Local/stm32cube/bundles/gnu-tools-for-stm32/14.3.1+st.2/bin/../lib/gcc/arm-none-eabi/14.3.1/../../../../arm-none-eabi/lib/thumb/v7-m/nofp\libg_nano.a(libc_a-strtol.o)
                0x0800463c                strtol
 .text.snprintf
                0x08004650       0x6c C:/Users/18269/AppData/Local/stm32cube/bundles/gnu-tools-for-stm32/14.3.1+st.2/bin/../lib/gcc/arm-none-eabi/14.3.1/../../../../arm-none-eabi/lib/thumb/v7-m/nofp\libg_nano.a(libc_a-snprintf.o)
                0x08004650                sniprintf
                0x08004650                snprintf
 .text.memset   0x080046bc       0x10 C:/Users/18269/AppData/Local/stm32cube/bundles/gnu-tools-for-stm32/14.3.1+st.2/bin/../lib/gcc/arm-none-eabi/14.3.1/../../../../arm-none-eabi/lib/thumb/v7-m/nofp\libg_nano.a(libc_a-memset.o)
                0x080046bc                memset
 .text.strchr   0x080046cc       0x1a C:/Users/18269/AppData/Local/stm32cube/bundles/gnu-tools-for-stm32/14.3.1+st.2/bin/../lib/gcc/arm-none-eabi/14.3.1/../../../../arm-none-eabi/lib/thumb/v7-m/nofp\libg_nano.a(libc_a-strchr.o)
                0x080046cc                strchr
 *fill*         0x080046e6        0x2 
 .text.__errno  0x080046e8        0xc C:/Users/18269/AppData/Local/stm32cube/bundles/gnu-tools-for-stm32/14.3.1+st.2/bin/../lib/gcc/arm-none-eabi/14.3.1/../../../../arm-none-eabi/lib/thumb/v7-m/nofp\libg_nano.a(libc_a-errno.o)
                0x080046e8                __errno
 .text.__libc_init_array
                0x080046f4       0x48 C:/Users/18269/AppData/Local/stm32cube/bundles/gnu-tools-for-stm32/14.3.1+st.2/bin/../lib/gcc/arm-none-eabi/14.3.1/../../../../arm-none-eabi/lib/thumb/v7-m/nofp\libg_nano.a(libc_a-init.o)
                0x080046f4                __libc_init_array
 .text.__retarget_lock_acquire_recursive
                0x0800473c        0x2 C:/Users/18269/AppData/Local/stm32cube/bundles/gnu-tools-for-stm32/14.3.1+st.2/bin/../lib/gcc/arm-none-eabi/14.3.1/../../../../arm-none-eabi/lib/thumb/v7-m/nofp\libg_nano.a(libc_a-lock.o)
                0x0800473c                __retarget_lock_acquire_recursive
 .text.__retarget_lock_release_recursive
                0x0800473e        0x2 C:/Users/18269/AppData/Local/stm32cube/bundles/gnu-tools-for-stm32/14.3.1+st.2/bin/../lib/gcc/arm-none-eabi/14.3.1/../../../../arm-none-eabi/lib/thumb/v7-m/nofp\libg_nano.a(libc_a-lock.o)
                0x0800473e                __retarget_lock_release_recursive
 .text._free_r  0x08004740       0x90 C:/Users/18269/AppData/Local/stm32cube/bundles/gnu-tools-for-stm32/14.3.1+st.2/bin/../lib/gcc/arm-none-eabi/14.3.1/../../../../arm-none-eabi/lib/thumb/v7-m/nofp\libg_nano.a(libc_a-freer.o)
                0x08004740                _free_r
 .text.sbrk_aligned
                0x080047d0       0x44 C:/Users/18269/AppData/Local/stm32cube/bundles/gnu-tools-for-stm32/14.3.1+st.2/bin/../lib/gcc/arm-none-eabi/14.3.1/../../../../arm-none-eabi/lib/thumb/v7-m/nofp\libg_nano.a(libc_a-mallocr.o)
 .text._malloc_r
                0x08004814      0x100 C:/Users/18269/AppData/Local/stm32cube/bundles/gnu-tools-for-stm32/14.3.1+st.2/bin/../lib/gcc/arm-none-eabi/14.3.1/../../../../arm-none-eabi/lib/thumb/v7-m/nofp\libg_nano.a(libc_a-mallocr.o)
                0x08004814                _malloc_r
 .text.__malloc_lock
                0x08004914        0xc C:/Users/18269/AppData/Local/stm32cube/bundles/gnu-tools-for-stm32/14.3.1+st.2/bin/../lib/gcc/arm-none-eabi/14.3.1/../../../../arm-none-eabi/lib/thumb/v7-m/nofp\libg_nano.a(libc_a-mlock.o)
                0x08004914                __malloc_lock
 .text.__malloc_unlock
                0x08004920        0xc C:/Users/18269/AppData/Local/stm32cube/bundles/gnu-tools-for-stm32/14.3.1+st.2/bin/../lib/gcc/arm-none-eabi/14.3.1/../../../../arm-none-eabi/lib/thumb/v7-m/nofp\libg_nano.a(libc_a-mlock.o)
                0x08004920                __malloc_unlock
 .text.__ssputs_r
                0x0800492c       0xc0 C:/Users/18269/AppData/Local/stm32cube/bundles/gnu-tools-for-stm32/14.3.1+st.2/bin/../lib/gcc/arm-none-eabi/14.3.1/../../../../arm-none-eabi/lib/thumb/v7-m/nofp\libg_nano.a(libc_a-nano-svfprintf.o)
                0x0800492c                __ssputs_r
 .text._svfprintf_r
                0x080049ec      0x1f0 C:/Users/18269/AppData/Local/stm32cube/bundles/gnu-tools-for-stm32/14.3.1+st.2/bin/../lib/gcc/arm-none-eabi/14.3.1/../../../../arm-none-eabi/lib/thumb/v7-m/nofp\libg_nano.a(libc_a-nano-svfprintf.o)
                0x080049ec                _svfiprintf_r
                0x080049ec                _svfprintf_r
 .text._printf_common
                0x08004bdc       0xe4 C:/Users/18269/AppData/Local/stm32cube/bundles/gnu-tools-for-stm32/14.3.1+st.2/bin/../lib/gcc/arm-none-eabi/14.3.1/../../../../arm-none-eabi/lib/thumb/v7-m/nofp\libg_nano.a(libc_a-nano-vfprintf_i.o)
                0x08004bdc                _printf_common
 .text._printf_i
                0x08004cc0      0x24c C:/Users/18269/AppData/Local/stm32cube/bundles/gnu-tools-for-stm32/14.3.1+st.2/bin/../lib/gcc/arm-none-eabi/14.3.1/../../../../arm-none-eabi/lib/thumb/v7-m/nofp\libg_nano.a(libc_a-nano-vfprintf_i.o)
                0x08004cc0                _printf_i
 .text.memmove  0x08004f0c       0x32 C:/Users/18269/AppData/Local/stm32cube/bundles/gnu-tools-for-stm32/14.3.1+st.2/bin/../lib/gcc/arm-none-eabi/14.3.1/../../../../arm-none-eabi/lib/thumb/v7-m/nofp\libg_nano.a(libc_a-memmove.o)
                0x08004f0c                memmove
 *fill*         0x08004f3e        0x2 
 .text._sbrk_r  0x08004f40       0x20 C:/Users/18269/AppData/Local/stm32cube/bundles/gnu-tools-for-stm32/14.3.1+st.2/bin/../lib/gcc/arm-none-eabi/14.3.1/../../../../arm-none-eabi/lib/thumb/v7-m/nofp\libg_nano.a(libc_a-sbrkr.o)
                0x08004f40                _sbrk_r
 .text.memchr   0x08004f60       0x1c C:/Users/18269/AppData/Local/stm32cube/bundles/gnu-tools-for-stm32/14.3.1+st.2/bin/../lib/gcc/arm-none-eabi/14.3.1/../../../../arm-none-eabi/lib/thumb/v7-m/nofp\libg_nano.a(libc_a-memchr-stub.o)
                0x08004f60                memchr
 .text.memcpy   0x08004f7c       0x1c C:/Users/18269/AppData/Local/stm32cube/bundles/gnu-tools-for-stm32/14.3.1+st.2/bin/../lib/gcc/arm-none-eabi/14.3.1/../../../../arm-none-eabi/lib/thumb/v7-m/nofp\libg_nano.a(libc_a-memcpy-stub.o)
                0x08004f7c                memcpy
 .text._realloc_r
                0x08004f98       0x5c C:/Users/18269/AppData/Local/stm32cube/bundles/gnu-tools-for-stm32/14.3.1+st.2/bin/../lib/gcc/arm-none-eabi/14.3.1/../../../../arm-none-eabi/lib/thumb/v7-m/nofp\libg_nano.a(libc_a-reallocr.o)
                0x08004f98                _realloc_r
 .text._malloc_usable_size_r
                0x08004ff4       0x10 C:/Users/18269/AppData/Local/stm32cube/bundles/gnu-tools-for-stm32/14.3.1+st.2/bin/../lib/gcc/arm-none-eabi/14.3.1/../../../../arm-none-eabi/lib/thumb/v7-m/nofp\libg_nano.a(libc_a-msizer.o)
                0x08004ff4                _malloc_usable_size_r
 *(.glue_7)
 .glue_7        0x08005004        0x0 linker stubs
 *(.glue_7t)
 .glue_7t       0x08005004        0x0 linker stubs
 *(.eh_frame)
 .eh_frame      0x08005004        0x0 C:/Users/18269/AppData/Local/stm32cube/bundles/gnu-tools-for-stm32/14.3.1+st.2/bin/../lib/gcc/arm-none-eabi/14.3.1/thumb/v7-m/nofp/crtbegin.o
 *(.init)
 .init          0x08005004        0x4 C:/Users/18269/AppData/Local/stm32cube/bundles/gnu-tools-for-stm32/14.3.1+st.2/bin/../lib/gcc/arm-none-eabi/14.3.1/thumb/v7-m/nofp/crti.o
                0x08005004                _init
 .init          0x08005008        0x8 C:/Users/18269/AppData/Local/stm32cube/bundles/gnu-tools-for-stm32/14.3.1+st.2/bin/../lib/gcc/arm-none-eabi/14.3.1/thumb/v7-m/nofp/crtn.o
 *(.fini)
 .fini          0x08005010        0x4 C:/Users/18269/AppData/Local/stm32cube/bundles/gnu-tools-for-stm32/14.3.1+st.2/bin/../lib/gcc/arm-none-eabi/14.3.1/thumb/v7-m/nofp/crti.o
                0x08005010                _fini
 .fini          0x08005014        0x8 C:/Users/18269/AppData/Local/stm32cube/bundles/gnu-tools-for-stm32/14.3.1+st.2/bin/../lib/gcc/arm-none-eabi/14.3.1/thumb/v7-m/nofp/crtn.o
                0x0800501c                        . = ALIGN (0x4)
                0x0800501c                        _etext = .

.vfp11_veneer   0x0800501c        0x0
 .vfp11_veneer  0x0800501c        0x0 linker stubs

.v4_bx          0x0800501c        0x0
 .v4_bx         0x0800501c        0x0 linker stubs

.iplt           0x0800501c        0x0
 .iplt          0x0800501c        0x0 C:/Users/18269/AppData/Local/stm32cube/bundles/gnu-tools-for-stm32/14.3.1+st.2/bin/../lib/gcc/arm-none-eabi/14.3.1/thumb/v7-m/nofp/crtbegin.o

.rodata         0x0800501c      0x17c
                0x0800501c                        . = ALIGN (0x4)
 *(.rodata)
 .rodata        0x0800501c        0x9 CMakeFiles/Light.dir/Core/Src/uart_protocol.c.obj
 *(.rodata*)
 *fill*         0x08005025        0x3 
 .rodata.AHBPrescTable
                0x08005028       0x10 cmake/stm32cubemx/CMakeFiles/STM32_Drivers.dir/__/__/Core/Src/system_stm32f1xx.c.obj
                0x08005028                AHBPrescTable
 .rodata.APBPrescTable
                0x08005038        0x8 cmake/stm32cubemx/CMakeFiles/STM32_Drivers.dir/__/__/Core/Src/system_stm32f1xx.c.obj
                0x08005038                APBPrescTable
 .rodata.aPLLMULFactorTable.1
                0x08005040       0x10 cmake/stm32cubemx/CMakeFiles/STM32_Drivers.dir/__/__/Drivers/STM32F1xx_HAL_Driver/Src/stm32f1xx_hal_rcc.c.obj
 .rodata.aPredivFactorTable.0
                0x08005050        0x2 cmake/stm32cubemx/CMakeFiles/STM32_Drivers.dir/__/__/Drivers/STM32F1xx_HAL_Driver/Src/stm32f1xx_hal_rcc.c.obj
 *fill*         0x08005052        0x2 
 .rodata.mode_params
                0x08005054       0x10 CMakeFiles/Light.dir/Core/Src/buzzer.c.obj
 .rodata._ctype_
                0x08005064      0x101 C:/Users/18269/AppData/Local/stm32cube/bundles/gnu-tools-for-stm32/14.3.1+st.2/bin/../lib/gcc/arm-none-eabi/14.3.1/../../../../arm-none-eabi/lib/thumb/v7-m/nofp\libg_nano.a(libc_a-ctype_.o)
                0x08005064                _ctype_
 .rodata._svfprintf_r.str1.1
                0x08005165       0x33 C:/Users/18269/AppData/Local/stm32cube/bundles/gnu-tools-for-stm32/14.3.1+st.2/bin/../lib/gcc/arm-none-eabi/14.3.1/../../../../arm-none-eabi/lib/thumb/v7-m/nofp\libg_nano.a(libc_a-nano-svfprintf.o)
                                 0x11 (size before relaxing)
 .rodata._printf_i.str1.1
                0x08005198       0x22 C:/Users/18269/AppData/Local/stm32cube/bundles/gnu-tools-for-stm32/14.3.1+st.2/bin/../lib/gcc/arm-none-eabi/14.3.1/../../../../arm-none-eabi/lib/thumb/v7-m/nofp\libg_nano.a(libc_a-nano-vfprintf_i.o)
                0x080051bc                        . = ALIGN (0x4)

.ARM.extab      0x08005198        0x0
                0x08005198                        . = ALIGN (0x4)
 *(.ARM.extab* .gnu.linkonce.armextab.*)
                0x08005198                        . = ALIGN (0x4)

.ARM            0x08005198        0x0
                0x08005198                        . = ALIGN (0x4)
                0x08005198                        __exidx_start = .
 *(.ARM.exidx*)
                0x08005198                        __exidx_end = .
                0x08005198                        . = ALIGN (0x4)

.preinit_array  0x08005198        0x0
                0x08005198                        . = ALIGN (0x4)
                0x08005198                        PROVIDE (__preinit_array_start = .)
 *(.preinit_array*)
                0x08005198                        PROVIDE (__preinit_array_end = .)
                0x08005198                        . = ALIGN (0x4)

.init_array     0x08005198        0x4
                0x08005198                        . = ALIGN (0x4)
                0x08005198                        PROVIDE (__init_array_start = .)
 *(SORT_BY_NAME(.init_array.*))
 *(.init_array*)
 .init_array    0x08005198        0x4 C:/Users/18269/AppData/Local/stm32cube/bundles/gnu-tools-for-stm32/14.3.1+st.2/bin/../lib/gcc/arm-none-eabi/14.3.1/thumb/v7-m/nofp/crtbegin.o
                0x0800519c                        PROVIDE (__init_array_end = .)
                0x0800519c                        . = ALIGN (0x4)

.fini_array     0x0800519c        0x4
                0x0800519c                        . = ALIGN (0x4)
                [!provide]                        PROVIDE (__fini_array_start = .)
 *(SORT_BY_NAME(.fini_array.*))
 *(.fini_array*)
 .fini_array    0x0800519c        0x4 C:/Users/18269/AppData/Local/stm32cube/bundles/gnu-tools-for-stm32/14.3.1+st.2/bin/../lib/gcc/arm-none-eabi/14.3.1/thumb/v7-m/nofp/crtbegin.o
                [!provide]                        PROVIDE (__fini_array_end = .)
                0x080051a0                        . = ALIGN (0x4)
                0x080051a0                        _sidata = LOADADDR (.data)

.rel.dyn        0x080051a0        0x0
 .rel.iplt      0x080051a0        0x0 C:/Users/18269/AppData/Local/stm32cube/bundles/gnu-tools-for-stm32/14.3.1+st.2/bin/../lib/gcc/arm-none-eabi/14.3.1/thumb/v7-m/nofp/crtbegin.o

.data           0x20000000       0x5c load address 0x080051a0
                0x20000000                        . = ALIGN (0x4)
                0x20000000                        _sdata = .
 *(.data)
 *(.data*)
 .data.SystemCoreClock
                0x20000000        0x4 cmake/stm32cubemx/CMakeFiles/STM32_Drivers.dir/__/__/Core/Src/system_stm32f1xx.c.obj
                0x20000000                SystemCoreClock
 .data.uwTickPrio
                0x20000004        0x4 cmake/stm32cubemx/CMakeFiles/STM32_Drivers.dir/__/__/Drivers/STM32F1xx_HAL_Driver/Src/stm32f1xx_hal.c.obj
                0x20000004                uwTickPrio
 .data.uwTickFreq
                0x20000008        0x1 cmake/stm32cubemx/CMakeFiles/STM32_Drivers.dir/__/__/Drivers/STM32F1xx_HAL_Driver/Src/stm32f1xx_hal.c.obj
                0x20000008                uwTickFreq
 *fill*         0x20000009        0x3 
 .data._impure_ptr
                0x2000000c        0x4 C:/Users/18269/AppData/Local/stm32cube/bundles/gnu-tools-for-stm32/14.3.1+st.2/bin/../lib/gcc/arm-none-eabi/14.3.1/../../../../arm-none-eabi/lib/thumb/v7-m/nofp\libg_nano.a(libc_a-impure.o)
                0x2000000c                _impure_ptr
 .data._impure_data
                0x20000010       0x4c C:/Users/18269/AppData/Local/stm32cube/bundles/gnu-tools-for-stm32/14.3.1+st.2/bin/../lib/gcc/arm-none-eabi/14.3.1/../../../../arm-none-eabi/lib/thumb/v7-m/nofp\libg_nano.a(libc_a-impure.o)
                0x20000010                _impure_data
 *(.RamFunc)
 *(.RamFunc*)
                0x2000005c                        . = ALIGN (0x4)

.igot.plt       0x2000005c        0x0 load address 0x080051fc
 .igot.plt      0x2000005c        0x0 C:/Users/18269/AppData/Local/stm32cube/bundles/gnu-tools-for-stm32/14.3.1+st.2/bin/../lib/gcc/arm-none-eabi/14.3.1/thumb/v7-m/nofp/crtbegin.o

.tdata          0x2000005c        0x0 load address 0x080051fc
 *(.tdata .tdata.* .gnu.linkonce.td.*)
                0x2000005c                        . = ALIGN (0x4)
                0x2000005c                        _edata = .
                [!provide]                        PROVIDE (__data_end = .)
                [!provide]                        PROVIDE (__tdata_end = .)
                [!provide]                        PROVIDE (__tdata_start = ADDR (.tdata))
                [!provide]                        PROVIDE (__tdata_size = (__tdata_end - __tdata_start))
                [!provide]                        PROVIDE (__data_start = ADDR (.data))
                [!provide]                        PROVIDE (__data_size = (__data_end - __data_start))
                [!provide]                        PROVIDE (__tdata_source = LOADADDR (.tdata))
                [!provide]                        PROVIDE (__tdata_source_end = (LOADADDR (.tdata) + SIZEOF (.tdata)))
                [!provide]                        PROVIDE (__tdata_source_size = (__tdata_source_end - __tdata_source))
                [!provide]                        PROVIDE (__data_source = LOADADDR (.data))
                [!provide]                        PROVIDE (__data_source_end = __tdata_source_end)
                [!provide]                        PROVIDE (__data_source_size = (__data_source_end - __data_source))

.tbss           0x2000005c        0x0 load address 0x080051fc
                0x2000005c                        _sbss = .
                0x2000005c                        __bss_start__ = _sbss
 *(.tbss .tbss.*)
                0x2000005c                        . = ALIGN (0x4)
                [!provide]                        PROVIDE (__tbss_end = .)
                [!provide]                        PROVIDE (__tbss_start = ADDR (.tbss))
                [!provide]                        PROVIDE (__tbss_size = (__tbss_end - __tbss_start))
                [!provide]                        PROVIDE (__tbss_offset = (ADDR (.tbss) - ADDR (.tdata)))
                [!provide]                        PROVIDE (__tls_base = __tdata_start)
                [!provide]                        PROVIDE (__tls_end = __tbss_end)
                [!provide]                        PROVIDE (__tls_size = (__tls_end - __tls_base))
                [!provide]                        PROVIDE (__tls_align = MAX (ALIGNOF (.tdata), ALIGNOF (.tbss)))
                [!provide]                        PROVIDE (__tls_size_align = (((__tls_size + __tls_align) - 0x1) & ~ ((__tls_align - 0x1))))
                [!provide]                        PROVIDE (__arm32_tls_tcb_offset = MAX (0x8, __tls_align))
                [!provide]                        PROVIDE (__arm64_tls_tcb_offset = MAX (0x10, __tls_align))

.bss            0x2000005c      0x540 load address 0x080051fc
 *(.bss)
 .bss           0x2000005c       0x1c C:/Users/18269/AppData/Local/stm32cube/bundles/gnu-tools-for-stm32/14.3.1+st.2/bin/../lib/gcc/arm-none-eabi/14.3.1/thumb/v7-m/nofp/crtbegin.o
 *(.bss*)
 .bss.uwTick    0x20000078        0x4 cmake/stm32cubemx/CMakeFiles/STM32_Drivers.dir/__/__/Drivers/STM32F1xx_HAL_Driver/Src/stm32f1xx_hal.c.obj
                0x20000078                uwTick
 .bss.htim2     0x2000007c       0x48 CMakeFiles/Light.dir/Core/Src/tim.c.obj
                0x2000007c                htim2
 .bss.htim3     0x200000c4       0x48 CMakeFiles/Light.dir/Core/Src/tim.c.obj
                0x200000c4                htim3
 .bss.hdma_tim2_ch1
                0x2000010c       0x44 CMakeFiles/Light.dir/Core/Src/tim.c.obj
                0x2000010c                hdma_tim2_ch1
 .bss.huart1    0x20000150       0x48 CMakeFiles/Light.dir/Core/Src/usart.c.obj
                0x20000150                huart1
 .bss.__sbrk_heap_end
                0x20000198        0x4 CMakeFiles/Light.dir/Core/Src/sysmem.c.obj
 .bss.buz_htim  0x2000019c        0x4 CMakeFiles/Light.dir/Core/Src/buzzer.c.obj
 .bss.buz_channel
                0x200001a0        0x4 CMakeFiles/Light.dir/Core/Src/buzzer.c.obj
 .bss.current_mode
                0x200001a4        0x1 CMakeFiles/Light.dir/Core/Src/buzzer.c.obj
 *fill*         0x200001a5        0x3 
 .bss.toggle_time
                0x200001a8        0x4 CMakeFiles/Light.dir/Core/Src/buzzer.c.obj
 .bss.buzzer_on
                0x200001ac        0x1 CMakeFiles/Light.dir/Core/Src/buzzer.c.obj
 .bss.current_level
                0x200001ad        0x1 CMakeFiles/Light.dir/Core/Src/fatigue_feedback.c.obj
 *fill*         0x200001ae        0x2 
 .bss.blink_timer
                0x200001b0        0x4 CMakeFiles/Light.dir/Core/Src/fatigue_feedback.c.obj
 .bss.blink_state
                0x200001b4        0x1 CMakeFiles/Light.dir/Core/Src/fatigue_feedback.c.obj
 *fill*         0x200001b5        0x3 
 .bss.proto_huart
                0x200001b8        0x4 CMakeFiles/Light.dir/Core/Src/uart_protocol.c.obj
 .bss.rx_byte   0x200001bc        0x1 CMakeFiles/Light.dir/Core/Src/uart_protocol.c.obj
 *fill*         0x200001bd        0x3 
 .bss.rx_buf    0x200001c0       0x40 CMakeFiles/Light.dir/Core/Src/uart_protocol.c.obj
 .bss.rx_head   0x20000200        0x2 CMakeFiles/Light.dir/Core/Src/uart_protocol.c.obj
 .bss.rx_tail   0x20000202        0x2 CMakeFiles/Light.dir/Core/Src/uart_protocol.c.obj
 .bss.line_buf  0x20000204       0x40 CMakeFiles/Light.dir/Core/Src/uart_protocol.c.obj
 .bss.line_pos  0x20000244        0x1 CMakeFiles/Light.dir/Core/Src/uart_protocol.c.obj
 *fill*         0x20000245        0x3 
 .bss.dma_buffer
                0x20000248      0x1e4 CMakeFiles/Light.dir/Core/Src/ws2812b.c.obj
 .bss.led_r     0x2000042c        0x8 CMakeFiles/Light.dir/Core/Src/ws2812b.c.obj
 .bss.led_g     0x20000434        0x8 CMakeFiles/Light.dir/Core/Src/ws2812b.c.obj
 .bss.led_b     0x2000043c        0x8 CMakeFiles/Light.dir/Core/Src/ws2812b.c.obj
 .bss.ws_htim   0x20000444        0x4 CMakeFiles/Light.dir/Core/Src/ws2812b.c.obj
 .bss.ws_channel
                0x20000448        0x4 CMakeFiles/Light.dir/Core/Src/ws2812b.c.obj
 .bss.dma_busy  0x2000044c        0x1 CMakeFiles/Light.dir/Core/Src/ws2812b.c.obj
 *fill*         0x2000044d        0x3 
 .bss.dma_start_tick
                0x20000450        0x4 CMakeFiles/Light.dir/Core/Src/ws2812b.c.obj
 .bss.__sf      0x20000454      0x138 C:/Users/18269/AppData/Local/stm32cube/bundles/gnu-tools-for-stm32/14.3.1+st.2/bin/../lib/gcc/arm-none-eabi/14.3.1/../../../../arm-none-eabi/lib/thumb/v7-m/nofp\libg_nano.a(libc_a-findfp.o)
                0x20000454                __sf
 .bss.errno     0x2000058c        0x4 C:/Users/18269/AppData/Local/stm32cube/bundles/gnu-tools-for-stm32/14.3.1+st.2/bin/../lib/gcc/arm-none-eabi/14.3.1/../../../../arm-none-eabi/lib/thumb/v7-m/nofp\libg_nano.a(libc_a-reent.o)
                0x2000058c                errno
 .bss.__lock___malloc_recursive_mutex
                0x20000590        0x1 C:/Users/18269/AppData/Local/stm32cube/bundles/gnu-tools-for-stm32/14.3.1+st.2/bin/../lib/gcc/arm-none-eabi/14.3.1/../../../../arm-none-eabi/lib/thumb/v7-m/nofp\libg_nano.a(libc_a-lock.o)
                0x20000590                __lock___malloc_recursive_mutex
 *fill*         0x20000591        0x3 
 .bss.__malloc_sbrk_start
                0x20000594        0x4 C:/Users/18269/AppData/Local/stm32cube/bundles/gnu-tools-for-stm32/14.3.1+st.2/bin/../lib/gcc/arm-none-eabi/14.3.1/../../../../arm-none-eabi/lib/thumb/v7-m/nofp\libg_nano.a(libc_a-mallocr.o)
                0x20000594                __malloc_sbrk_start
 .bss.__malloc_free_list
                0x20000598        0x4 C:/Users/18269/AppData/Local/stm32cube/bundles/gnu-tools-for-stm32/14.3.1+st.2/bin/../lib/gcc/arm-none-eabi/14.3.1/../../../../arm-none-eabi/lib/thumb/v7-m/nofp\libg_nano.a(libc_a-mallocr.o)
                0x20000598                __malloc_free_list
 *(COMMON)
                0x2000059c                        . = ALIGN (0x4)
                0x2000059c                        _ebss = .
                0x2000059c                        __bss_end__ = _ebss
                [!provide]                        PROVIDE (__bss_end = .)
                [!provide]                        PROVIDE (__non_tls_bss_start = ADDR (.bss))
                [!provide]                        PROVIDE (__bss_start = __tbss_start)
                [!provide]                        PROVIDE (__bss_size = (__bss_end - __bss_start))

._user_heap_stack
                0x2000059c      0x604 load address 0x080051fc
                0x200005a0                        . = ALIGN (0x8)
 *fill*         0x2000059c        0x4 
                [!provide]                        PROVIDE (end = .)
                0x200005a0                        PROVIDE (_end = .)
                0x200007a0                        . = (. + _Min_Heap_Size)
 *fill*         0x200005a0      0x200 
                0x20000ba0                        . = (. + _Min_Stack_Size)
 *fill*         0x200007a0      0x400 
                0x20000ba0                        . = ALIGN (0x8)

/DISCARD/
 libc.a:*(*)
 libm.a:*(*)
 libgcc.a:*(*)
OUTPUT(Light.elf elf32-littlearm)
LOAD linker stubs

.ARM.attributes
                0x00000000       0x29
 .ARM.attributes
                0x00000000       0x1d C:/Users/18269/AppData/Local/stm32cube/bundles/gnu-tools-for-stm32/14.3.1+st.2/bin/../lib/gcc/arm-none-eabi/14.3.1/thumb/v7-m/nofp/crti.o
 .ARM.attributes
                0x0000001d       0x2d C:/Users/18269/AppData/Local/stm32cube/bundles/gnu-tools-for-stm32/14.3.1+st.2/bin/../lib/gcc/arm-none-eabi/14.3.1/thumb/v7-m/nofp/crtbegin.o
 .ARM.attributes
                0x0000004a       0x2d cmake/stm32cubemx/CMakeFiles/STM32_Drivers.dir/__/__/Core/Src/system_stm32f1xx.c.obj
 .ARM.attributes
                0x00000077       0x2d cmake/stm32cubemx/CMakeFiles/STM32_Drivers.dir/__/__/Drivers/STM32F1xx_HAL_Driver/Src/stm32f1xx_hal_tim.c.obj
 .ARM.attributes
                0x000000a4       0x2d cmake/stm32cubemx/CMakeFiles/STM32_Drivers.dir/__/__/Drivers/STM32F1xx_HAL_Driver/Src/stm32f1xx_hal_tim_ex.c.obj
 .ARM.attributes
                0x000000d1       0x2d cmake/stm32cubemx/CMakeFiles/STM32_Drivers.dir/__/__/Drivers/STM32F1xx_HAL_Driver/Src/stm32f1xx_hal.c.obj
 .ARM.attributes
                0x000000fe       0x2d cmake/stm32cubemx/CMakeFiles/STM32_Drivers.dir/__/__/Drivers/STM32F1xx_HAL_Driver/Src/stm32f1xx_hal_rcc.c.obj
 .ARM.attributes
                0x0000012b       0x2d cmake/stm32cubemx/CMakeFiles/STM32_Drivers.dir/__/__/Drivers/STM32F1xx_HAL_Driver/Src/stm32f1xx_hal_gpio.c.obj
 .ARM.attributes
                0x00000158       0x2d cmake/stm32cubemx/CMakeFiles/STM32_Drivers.dir/__/__/Drivers/STM32F1xx_HAL_Driver/Src/stm32f1xx_hal_dma.c.obj
 .ARM.attributes
                0x00000185       0x2d cmake/stm32cubemx/CMakeFiles/STM32_Drivers.dir/__/__/Drivers/STM32F1xx_HAL_Driver/Src/stm32f1xx_hal_cortex.c.obj
 .ARM.attributes
                0x000001b2       0x2d cmake/stm32cubemx/CMakeFiles/STM32_Drivers.dir/__/__/Drivers/STM32F1xx_HAL_Driver/Src/stm32f1xx_hal_uart.c.obj
 .ARM.attributes
                0x000001df       0x2d CMakeFiles/Light.dir/Core/Src/main.c.obj
 .ARM.attributes
                0x0000020c       0x2d CMakeFiles/Light.dir/Core/Src/gpio.c.obj
 .ARM.attributes
                0x00000239       0x2d CMakeFiles/Light.dir/Core/Src/dma.c.obj
 .ARM.attributes
                0x00000266       0x2d CMakeFiles/Light.dir/Core/Src/tim.c.obj
 .ARM.attributes
                0x00000293       0x2d CMakeFiles/Light.dir/Core/Src/usart.c.obj
 .ARM.attributes
                0x000002c0       0x2d CMakeFiles/Light.dir/Core/Src/stm32f1xx_it.c.obj
 .ARM.attributes
                0x000002ed       0x2d CMakeFiles/Light.dir/Core/Src/stm32f1xx_hal_msp.c.obj
 .ARM.attributes
                0x0000031a       0x2d CMakeFiles/Light.dir/Core/Src/sysmem.c.obj
 .ARM.attributes
                0x00000347       0x2d CMakeFiles/Light.dir/Core/Src/buzzer.c.obj
 .ARM.attributes
                0x00000374       0x2d CMakeFiles/Light.dir/Core/Src/fatigue_feedback.c.obj
 .ARM.attributes
                0x000003a1       0x2d CMakeFiles/Light.dir/Core/Src/uart_protocol.c.obj
 .ARM.attributes
                0x000003ce       0x2d CMakeFiles/Light.dir/Core/Src/ws2812b.c.obj
 .ARM.attributes
                0x000003fb       0x21 CMakeFiles/Light.dir/startup_stm32f103xb.s.obj
 .ARM.attributes
                0x0000041c       0x2d C:/Users/18269/AppData/Local/stm32cube/bundles/gnu-tools-for-stm32/14.3.1+st.2/bin/../lib/gcc/arm-none-eabi/14.3.1/../../../../arm-none-eabi/lib/thumb/v7-m/nofp\libg_nano.a(libc_a-atoi.o)
 .ARM.attributes
                0x00000449       0x2d C:/Users/18269/AppData/Local/stm32cube/bundles/gnu-tools-for-stm32/14.3.1+st.2/bin/../lib/gcc/arm-none-eabi/14.3.1/../../../../arm-none-eabi/lib/thumb/v7-m/nofp\libg_nano.a(libc_a-strtol.o)
 .ARM.attributes
                0x00000476       0x2d C:/Users/18269/AppData/Local/stm32cube/bundles/gnu-tools-for-stm32/14.3.1+st.2/bin/../lib/gcc/arm-none-eabi/14.3.1/../../../../arm-none-eabi/lib/thumb/v7-m/nofp\libg_nano.a(libc_a-ctype_.o)
 .ARM.attributes
                0x000004a3       0x2d C:/Users/18269/AppData/Local/stm32cube/bundles/gnu-tools-for-stm32/14.3.1+st.2/bin/../lib/gcc/arm-none-eabi/14.3.1/../../../../arm-none-eabi/lib/thumb/v7-m/nofp\libg_nano.a(libc_a-findfp.o)
 .ARM.attributes
                0x000004d0       0x2d C:/Users/18269/AppData/Local/stm32cube/bundles/gnu-tools-for-stm32/14.3.1+st.2/bin/../lib/gcc/arm-none-eabi/14.3.1/../../../../arm-none-eabi/lib/thumb/v7-m/nofp\libg_nano.a(libc_a-snprintf.o)
 .ARM.attributes
                0x000004fd       0x2d C:/Users/18269/AppData/Local/stm32cube/bundles/gnu-tools-for-stm32/14.3.1+st.2/bin/../lib/gcc/arm-none-eabi/14.3.1/../../../../arm-none-eabi/lib/thumb/v7-m/nofp\libg_nano.a(libc_a-memset.o)
 .ARM.attributes
                0x0000052a       0x2d C:/Users/18269/AppData/Local/stm32cube/bundles/gnu-tools-for-stm32/14.3.1+st.2/bin/../lib/gcc/arm-none-eabi/14.3.1/../../../../arm-none-eabi/lib/thumb/v7-m/nofp\libg_nano.a(libc_a-strchr.o)
 .ARM.attributes
                0x00000557       0x2d C:/Users/18269/AppData/Local/stm32cube/bundles/gnu-tools-for-stm32/14.3.1+st.2/bin/../lib/gcc/arm-none-eabi/14.3.1/../../../../arm-none-eabi/lib/thumb/v7-m/nofp\libg_nano.a(libc_a-reent.o)
 .ARM.attributes
                0x00000584       0x2d C:/Users/18269/AppData/Local/stm32cube/bundles/gnu-tools-for-stm32/14.3.1+st.2/bin/../lib/gcc/arm-none-eabi/14.3.1/../../../../arm-none-eabi/lib/thumb/v7-m/nofp\libg_nano.a(libc_a-impure.o)
 .ARM.attributes
                0x000005b1       0x2d C:/Users/18269/AppData/Local/stm32cube/bundles/gnu-tools-for-stm32/14.3.1+st.2/bin/../lib/gcc/arm-none-eabi/14.3.1/../../../../arm-none-eabi/lib/thumb/v7-m/nofp\libg_nano.a(libc_a-errno.o)
 .ARM.attributes
                0x000005de       0x2d C:/Users/18269/AppData/Local/stm32cube/bundles/gnu-tools-for-stm32/14.3.1+st.2/bin/../lib/gcc/arm-none-eabi/14.3.1/../../../../arm-none-eabi/lib/thumb/v7-m/nofp\libg_nano.a(libc_a-init.o)
 .ARM.attributes
                0x0000060b       0x2d C:/Users/18269/AppData/Local/stm32cube/bundles/gnu-tools-for-stm32/14.3.1+st.2/bin/../lib/gcc/arm-none-eabi/14.3.1/../../../../arm-none-eabi/lib/thumb/v7-m/nofp\libg_nano.a(libc_a-lock.o)
 .ARM.attributes
                0x00000638       0x2d C:/Users/18269/AppData/Local/stm32cube/bundles/gnu-tools-for-stm32/14.3.1+st.2/bin/../lib/gcc/arm-none-eabi/14.3.1/../../../../arm-none-eabi/lib/thumb/v7-m/nofp\libg_nano.a(libc_a-freer.o)
 .ARM.attributes
                0x00000665       0x2d C:/Users/18269/AppData/Local/stm32cube/bundles/gnu-tools-for-stm32/14.3.1+st.2/bin/../lib/gcc/arm-none-eabi/14.3.1/../../../../arm-none-eabi/lib/thumb/v7-m/nofp\libg_nano.a(libc_a-mallocr.o)
 .ARM.attributes
                0x00000692       0x2d C:/Users/18269/AppData/Local/stm32cube/bundles/gnu-tools-for-stm32/14.3.1+st.2/bin/../lib/gcc/arm-none-eabi/14.3.1/../../../../arm-none-eabi/lib/thumb/v7-m/nofp\libg_nano.a(libc_a-mlock.o)
 .ARM.attributes
                0x000006bf       0x2d C:/Users/18269/AppData/Local/stm32cube/bundles/gnu-tools-for-stm32/14.3.1+st.2/bin/../lib/gcc/arm-none-eabi/14.3.1/../../../../arm-none-eabi/lib/thumb/v7-m/nofp\libg_nano.a(libc_a-nano-svfprintf.o)
 .ARM.attributes
                0x000006ec       0x2d C:/Users/18269/AppData/Local/stm32cube/bundles/gnu-tools-for-stm32/14.3.1+st.2/bin/../lib/gcc/arm-none-eabi/14.3.1/../../../../arm-none-eabi/lib/thumb/v7-m/nofp\libg_nano.a(libc_a-nano-vfprintf_i.o)
 .ARM.attributes
                0x00000719       0x2d C:/Users/18269/AppData/Local/stm32cube/bundles/gnu-tools-for-stm32/14.3.1+st.2/bin/../lib/gcc/arm-none-eabi/14.3.1/../../../../arm-none-eabi/lib/thumb/v7-m/nofp\libg_nano.a(libc_a-memmove.o)
 .ARM.attributes
                0x00000746       0x2d C:/Users/18269/AppData/Local/stm32cube/bundles/gnu-tools-for-stm32/14.3.1+st.2/bin/../lib/gcc/arm-none-eabi/14.3.1/../../../../arm-none-eabi/lib/thumb/v7-m/nofp\libg_nano.a(libc_a-sbrkr.o)
 .ARM.attributes
                0x00000773       0x2d C:/Users/18269/AppData/Local/stm32cube/bundles/gnu-tools-for-stm32/14.3.1+st.2/bin/../lib/gcc/arm-none-eabi/14.3.1/../../../../arm-none-eabi/lib/thumb/v7-m/nofp\libg_nano.a(libc_a-memchr-stub.o)
 .ARM.attributes
                0x000007a0       0x2d C:/Users/18269/AppData/Local/stm32cube/bundles/gnu-tools-for-stm32/14.3.1+st.2/bin/../lib/gcc/arm-none-eabi/14.3.1/../../../../arm-none-eabi/lib/thumb/v7-m/nofp\libg_nano.a(libc_a-memcpy-stub.o)
 .ARM.attributes
                0x000007cd       0x2d C:/Users/18269/AppData/Local/stm32cube/bundles/gnu-tools-for-stm32/14.3.1+st.2/bin/../lib/gcc/arm-none-eabi/14.3.1/../../../../arm-none-eabi/lib/thumb/v7-m/nofp\libg_nano.a(libc_a-reallocr.o)
 .ARM.attributes
                0x000007fa       0x2d C:/Users/18269/AppData/Local/stm32cube/bundles/gnu-tools-for-stm32/14.3.1+st.2/bin/../lib/gcc/arm-none-eabi/14.3.1/../../../../arm-none-eabi/lib/thumb/v7-m/nofp\libg_nano.a(libc_a-msizer.o)
 .ARM.attributes
                0x00000827       0x1d C:/Users/18269/AppData/Local/stm32cube/bundles/gnu-tools-for-stm32/14.3.1+st.2/bin/../lib/gcc/arm-none-eabi/14.3.1/thumb/v7-m/nofp/crtn.o

.comment        0x00000000       0x43
 .comment       0x00000000       0x43 cmake/stm32cubemx/CMakeFiles/STM32_Drivers.dir/__/__/Core/Src/system_stm32f1xx.c.obj
                                 0x44 (size before relaxing)
 .comment       0x00000043       0x44 cmake/stm32cubemx/CMakeFiles/STM32_Drivers.dir/__/__/Drivers/STM32F1xx_HAL_Driver/Src/stm32f1xx_hal_tim.c.obj
 .comment       0x00000043       0x44 cmake/stm32cubemx/CMakeFiles/STM32_Drivers.dir/__/__/Drivers/STM32F1xx_HAL_Driver/Src/stm32f1xx_hal_tim_ex.c.obj
 .comment       0x00000043       0x44 cmake/stm32cubemx/CMakeFiles/STM32_Drivers.dir/__/__/Drivers/STM32F1xx_HAL_Driver/Src/stm32f1xx_hal.c.obj
 .comment       0x00000043       0x44 cmake/stm32cubemx/CMakeFiles/STM32_Drivers.dir/__/__/Drivers/STM32F1xx_HAL_Driver/Src/stm32f1xx_hal_rcc.c.obj
 .comment       0x00000043       0x44 cmake/stm32cubemx/CMakeFiles/STM32_Drivers.dir/__/__/Drivers/STM32F1xx_HAL_Driver/Src/stm32f1xx_hal_gpio.c.obj
 .comment       0x00000043       0x44 cmake/stm32cubemx/CMakeFiles/STM32_Drivers.dir/__/__/Drivers/STM32F1xx_HAL_Driver/Src/stm32f1xx_hal_dma.c.obj
 .comment       0x00000043       0x44 cmake/stm32cubemx/CMakeFiles/STM32_Drivers.dir/__/__/Drivers/STM32F1xx_HAL_Driver/Src/stm32f1xx_hal_cortex.c.obj
 .comment       0x00000043       0x44 cmake/stm32cubemx/CMakeFiles/STM32_Drivers.dir/__/__/Drivers/STM32F1xx_HAL_Driver/Src/stm32f1xx_hal_uart.c.obj
 .comment       0x00000043       0x44 CMakeFiles/Light.dir/Core/Src/main.c.obj
 .comment       0x00000043       0x44 CMakeFiles/Light.dir/Core/Src/gpio.c.obj
 .comment       0x00000043       0x44 CMakeFiles/Light.dir/Core/Src/dma.c.obj
 .comment       0x00000043       0x44 CMakeFiles/Light.dir/Core/Src/tim.c.obj
 .comment       0x00000043       0x44 CMakeFiles/Light.dir/Core/Src/usart.c.obj
 .comment       0x00000043       0x44 CMakeFiles/Light.dir/Core/Src/stm32f1xx_it.c.obj
 .comment       0x00000043       0x44 CMakeFiles/Light.dir/Core/Src/stm32f1xx_hal_msp.c.obj
 .comment       0x00000043       0x44 CMakeFiles/Light.dir/Core/Src/sysmem.c.obj
 .comment       0x00000043       0x44 CMakeFiles/Light.dir/Core/Src/buzzer.c.obj
 .comment       0x00000043       0x44 CMakeFiles/Light.dir/Core/Src/fatigue_feedback.c.obj
 .comment       0x00000043       0x44 CMakeFiles/Light.dir/Core/Src/uart_protocol.c.obj
 .comment       0x00000043       0x44 CMakeFiles/Light.dir/Core/Src/ws2812b.c.obj
 .comment       0x00000043       0x44 C:/Users/18269/AppData/Local/stm32cube/bundles/gnu-tools-for-stm32/14.3.1+st.2/bin/../lib/gcc/arm-none-eabi/14.3.1/../../../../arm-none-eabi/lib/thumb/v7-m/nofp\libg_nano.a(libc_a-atoi.o)
 .comment       0x00000043       0x44 C:/Users/18269/AppData/Local/stm32cube/bundles/gnu-tools-for-stm32/14.3.1+st.2/bin/../lib/gcc/arm-none-eabi/14.3.1/../../../../arm-none-eabi/lib/thumb/v7-m/nofp\libg_nano.a(libc_a-strtol.o)
 .comment       0x00000043       0x44 C:/Users/18269/AppData/Local/stm32cube/bundles/gnu-tools-for-stm32/14.3.1+st.2/bin/../lib/gcc/arm-none-eabi/14.3.1/../../../../arm-none-eabi/lib/thumb/v7-m/nofp\libg_nano.a(libc_a-ctype_.o)
 .comment       0x00000043       0x44 C:/Users/18269/AppData/Local/stm32cube/bundles/gnu-tools-for-stm32/14.3.1+st.2/bin/../lib/gcc/arm-none-eabi/14.3.1/../../../../arm-none-eabi/lib/thumb/v7-m/nofp\libg_nano.a(libc_a-findfp.o)
 .comment       0x00000043       0x44 C:/Users/18269/AppData/Local/stm32cube/bundles/gnu-tools-for-stm32/14.3.1+st.2/bin/../lib/gcc/arm-none-eabi/14.3.1/../../../../arm-none-eabi/lib/thumb/v7-m/nofp\libg_nano.a(libc_a-snprintf.o)
 .comment       0x00000043       0x44 C:/Users/18269/AppData/Local/stm32cube/bundles/gnu-tools-for-stm32/14.3.1+st.2/bin/../lib/gcc/arm-none-eabi/14.3.1/../../../../arm-none-eabi/lib/thumb/v7-m/nofp\libg_nano.a(libc_a-memset.o)
 .comment       0x00000043       0x44 C:/Users/18269/AppData/Local/stm32cube/bundles/gnu-tools-for-stm32/14.3.1+st.2/bin/../lib/gcc/arm-none-eabi/14.3.1/../../../../arm-none-eabi/lib/thumb/v7-m/nofp\libg_nano.a(libc_a-strchr.o)
 .comment       0x00000043       0x44 C:/Users/18269/AppData/Local/stm32cube/bundles/gnu-tools-for-stm32/14.3.1+st.2/bin/../lib/gcc/arm-none-eabi/14.3.1/../../../../arm-none-eabi/lib/thumb/v7-m/nofp\libg_nano.a(libc_a-reent.o)
 .comment       0x00000043       0x44 C:/Users/18269/AppData/Local/stm32cube/bundles/gnu-tools-for-stm32/14.3.1+st.2/bin/../lib/gcc/arm-none-eabi/14.3.1/../../../../arm-none-eabi/lib/thumb/v7-m/nofp\libg_nano.a(libc_a-impure.o)
 .comment       0x00000043       0x44 C:/Users/18269/AppData/Local/stm32cube/bundles/gnu-tools-for-stm32/14.3.1+st.2/bin/../lib/gcc/arm-none-eabi/14.3.1/../../../../arm-none-eabi/lib/thumb/v7-m/nofp\libg_nano.a(libc_a-errno.o)
 .comment       0x00000043       0x44 C:/Users/18269/AppData/Local/stm32cube/bundles/gnu-tools-for-stm32/14.3.1+st.2/bin/../lib/gcc/arm-none-eabi/14.3.1/../../../../arm-none-eabi/lib/thumb/v7-m/nofp\libg_nano.a(libc_a-init.o)
 .comment       0x00000043       0x44 C:/Users/18269/AppData/Local/stm32cube/bundles/gnu-tools-for-stm32/14.3.1+st.2/bin/../lib/gcc/arm-none-eabi/14.3.1/../../../../arm-none-eabi/lib/thumb/v7-m/nofp\libg_nano.a(libc_a-lock.o)
 .comment       0x00000043       0x44 C:/Users/18269/AppData/Local/stm32cube/bundles/gnu-tools-for-stm32/14.3.1+st.2/bin/../lib/gcc/arm-none-eabi/14.3.1/../../../../arm-none-eabi/lib/thumb/v7-m/nofp\libg_nano.a(libc_a-freer.o)
 .comment       0x00000043       0x44 C:/Users/18269/AppData/Local/stm32cube/bundles/gnu-tools-for-stm32/14.3.1+st.2/bin/../lib/gcc/arm-none-eabi/14.3.1/../../../../arm-none-eabi/lib/thumb/v7-m/nofp\libg_nano.a(libc_a-mallocr.o)
 .comment       0x00000043       0x44 C:/Users/18269/AppData/Local/stm32cube/bundles/gnu-tools-for-stm32/14.3.1+st.2/bin/../lib/gcc/arm-none-eabi/14.3.1/../../../../arm-none-eabi/lib/thumb/v7-m/nofp\libg_nano.a(libc_a-mlock.o)
 .comment       0x00000043       0x44 C:/Users/18269/AppData/Local/stm32cube/bundles/gnu-tools-for-stm32/14.3.1+st.2/bin/../lib/gcc/arm-none-eabi/14.3.1/../../../../arm-none-eabi/lib/thumb/v7-m/nofp\libg_nano.a(libc_a-nano-svfprintf.o)
 .comment       0x00000043       0x44 C:/Users/18269/AppData/Local/stm32cube/bundles/gnu-tools-for-stm32/14.3.1+st.2/bin/../lib/gcc/arm-none-eabi/14.3.1/../../../../arm-none-eabi/lib/thumb/v7-m/nofp\libg_nano.a(libc_a-nano-vfprintf_i.o)
 .comment       0x00000043       0x44 C:/Users/18269/AppData/Local/stm32cube/bundles/gnu-tools-for-stm32/14.3.1+st.2/bin/../lib/gcc/arm-none-eabi/14.3.1/../../../../arm-none-eabi/lib/thumb/v7-m/nofp\libg_nano.a(libc_a-memmove.o)
 .comment       0x00000043       0x44 C:/Users/18269/AppData/Local/stm32cube/bundles/gnu-tools-for-stm32/14.3.1+st.2/bin/../lib/gcc/arm-none-eabi/14.3.1/../../../../arm-none-eabi/lib/thumb/v7-m/nofp\libg_nano.a(libc_a-sbrkr.o)
 .comment       0x00000043       0x44 C:/Users/18269/AppData/Local/stm32cube/bundles/gnu-tools-for-stm32/14.3.1+st.2/bin/../lib/gcc/arm-none-eabi/14.3.1/../../../../arm-none-eabi/lib/thumb/v7-m/nofp\libg_nano.a(libc_a-memchr-stub.o)
 .comment       0x00000043       0x44 C:/Users/18269/AppData/Local/stm32cube/bundles/gnu-tools-for-stm32/14.3.1+st.2/bin/../lib/gcc/arm-none-eabi/14.3.1/../../../../arm-none-eabi/lib/thumb/v7-m/nofp\libg_nano.a(libc_a-memcpy-stub.o)
 .comment       0x00000043       0x44 C:/Users/18269/AppData/Local/stm32cube/bundles/gnu-tools-for-stm32/14.3.1+st.2/bin/../lib/gcc/arm-none-eabi/14.3.1/../../../../arm-none-eabi/lib/thumb/v7-m/nofp\libg_nano.a(libc_a-reallocr.o)
 .comment       0x00000043       0x44 C:/Users/18269/AppData/Local/stm32cube/bundles/gnu-tools-for-stm32/14.3.1+st.2/bin/../lib/gcc/arm-none-eabi/14.3.1/../../../../arm-none-eabi/lib/thumb/v7-m/nofp\libg_nano.a(libc_a-msizer.o)

.debug_info     0x00000000    0x18073
 .debug_info    0x00000000      0x222 cmake/stm32cubemx/CMakeFiles/STM32_Drivers.dir/__/__/Core/Src/system_stm32f1xx.c.obj
 .debug_info    0x00000222     0x2959 cmake/stm32cubemx/CMakeFiles/STM32_Drivers.dir/__/__/Drivers/STM32F1xx_HAL_Driver/Src/stm32f1xx_hal_tim.c.obj
 .debug_info    0x00002b7b     0x149b cmake/stm32cubemx/CMakeFiles/STM32_Drivers.dir/__/__/Drivers/STM32F1xx_HAL_Driver/Src/stm32f1xx_hal_tim_ex.c.obj
 .debug_info    0x00004016      0x704 cmake/stm32cubemx/CMakeFiles/STM32_Drivers.dir/__/__/Drivers/STM32F1xx_HAL_Driver/Src/stm32f1xx_hal.c.obj
 .debug_info    0x0000471a      0x7d5 cmake/stm32cubemx/CMakeFiles/STM32_Drivers.dir/__/__/Drivers/STM32F1xx_HAL_Driver/Src/stm32f1xx_hal_rcc.c.obj
 .debug_info    0x00004eef      0x5ab cmake/stm32cubemx/CMakeFiles/STM32_Drivers.dir/__/__/Drivers/STM32F1xx_HAL_Driver/Src/stm32f1xx_hal_gpio.c.obj
 .debug_info    0x0000549a      0x6d2 cmake/stm32cubemx/CMakeFiles/STM32_Drivers.dir/__/__/Drivers/STM32F1xx_HAL_Driver/Src/stm32f1xx_hal_dma.c.obj
 .debug_info    0x00005b6c      0xa87 cmake/stm32cubemx/CMakeFiles/STM32_Drivers.dir/__/__/Drivers/STM32F1xx_HAL_Driver/Src/stm32f1xx_hal_cortex.c.obj
 .debug_info    0x000065f3     0x2eed cmake/stm32cubemx/CMakeFiles/STM32_Drivers.dir/__/__/Drivers/STM32F1xx_HAL_Driver/Src/stm32f1xx_hal_uart.c.obj
 .debug_info    0x000094e0      0xbe6 CMakeFiles/Light.dir/Core/Src/main.c.obj
 .debug_info    0x0000a0c6      0x169 CMakeFiles/Light.dir/Core/Src/gpio.c.obj
 .debug_info    0x0000a22f      0x2cf CMakeFiles/Light.dir/Core/Src/dma.c.obj
 .debug_info    0x0000a4fe      0xc7c CMakeFiles/Light.dir/Core/Src/tim.c.obj
 .debug_info    0x0000b17a      0x919 CMakeFiles/Light.dir/Core/Src/usart.c.obj
 .debug_info    0x0000ba93      0x99f CMakeFiles/Light.dir/Core/Src/stm32f1xx_it.c.obj
 .debug_info    0x0000c432      0x1f1 CMakeFiles/Light.dir/Core/Src/stm32f1xx_hal_msp.c.obj
 .debug_info    0x0000c623      0x168 CMakeFiles/Light.dir/Core/Src/sysmem.c.obj
 .debug_info    0x0000c78b      0x7f0 CMakeFiles/Light.dir/Core/Src/buzzer.c.obj
 .debug_info    0x0000cf7b      0x1dc CMakeFiles/Light.dir/Core/Src/fatigue_feedback.c.obj
 .debug_info    0x0000d157      0x88c CMakeFiles/Light.dir/Core/Src/uart_protocol.c.obj
 .debug_info    0x0000d9e3      0x90c CMakeFiles/Light.dir/Core/Src/ws2812b.c.obj
 .debug_info    0x0000e2ef       0x30 CMakeFiles/Light.dir/startup_stm32f103xb.s.obj
 .debug_info    0x0000e31f      0x7d9 C:/Users/18269/AppData/Local/stm32cube/bundles/gnu-tools-for-stm32/14.3.1+st.2/bin/../lib/gcc/arm-none-eabi/14.3.1/../../../../arm-none-eabi/lib/thumb/v7-m/nofp\libg_nano.a(libc_a-atoi.o)
 .debug_info    0x0000eaf8      0xd7f C:/Users/18269/AppData/Local/stm32cube/bundles/gnu-tools-for-stm32/14.3.1+st.2/bin/../lib/gcc/arm-none-eabi/14.3.1/../../../../arm-none-eabi/lib/thumb/v7-m/nofp\libg_nano.a(libc_a-strtol.o)
 .debug_info    0x0000f877       0xb9 C:/Users/18269/AppData/Local/stm32cube/bundles/gnu-tools-for-stm32/14.3.1+st.2/bin/../lib/gcc/arm-none-eabi/14.3.1/../../../../arm-none-eabi/lib/thumb/v7-m/nofp\libg_nano.a(libc_a-ctype_.o)
 .debug_info    0x0000f930      0xfb2 C:/Users/18269/AppData/Local/stm32cube/bundles/gnu-tools-for-stm32/14.3.1+st.2/bin/../lib/gcc/arm-none-eabi/14.3.1/../../../../arm-none-eabi/lib/thumb/v7-m/nofp\libg_nano.a(libc_a-findfp.o)
 .debug_info    0x000108e2      0x8b9 C:/Users/18269/AppData/Local/stm32cube/bundles/gnu-tools-for-stm32/14.3.1+st.2/bin/../lib/gcc/arm-none-eabi/14.3.1/../../../../arm-none-eabi/lib/thumb/v7-m/nofp\libg_nano.a(libc_a-snprintf.o)
 .debug_info    0x0001119b       0xe0 C:/Users/18269/AppData/Local/stm32cube/bundles/gnu-tools-for-stm32/14.3.1+st.2/bin/../lib/gcc/arm-none-eabi/14.3.1/../../../../arm-none-eabi/lib/thumb/v7-m/nofp\libg_nano.a(libc_a-memset.o)
 .debug_info    0x0001127b       0xf4 C:/Users/18269/AppData/Local/stm32cube/bundles/gnu-tools-for-stm32/14.3.1+st.2/bin/../lib/gcc/arm-none-eabi/14.3.1/../../../../arm-none-eabi/lib/thumb/v7-m/nofp\libg_nano.a(libc_a-strchr.o)
 .debug_info    0x0001136f      0x8a1 C:/Users/18269/AppData/Local/stm32cube/bundles/gnu-tools-for-stm32/14.3.1+st.2/bin/../lib/gcc/arm-none-eabi/14.3.1/../../../../arm-none-eabi/lib/thumb/v7-m/nofp\libg_nano.a(libc_a-reent.o)
 .debug_info    0x00011c10      0x715 C:/Users/18269/AppData/Local/stm32cube/bundles/gnu-tools-for-stm32/14.3.1+st.2/bin/../lib/gcc/arm-none-eabi/14.3.1/../../../../arm-none-eabi/lib/thumb/v7-m/nofp\libg_nano.a(libc_a-impure.o)
 .debug_info    0x00012325      0x6fb C:/Users/18269/AppData/Local/stm32cube/bundles/gnu-tools-for-stm32/14.3.1+st.2/bin/../lib/gcc/arm-none-eabi/14.3.1/../../../../arm-none-eabi/lib/thumb/v7-m/nofp\libg_nano.a(libc_a-errno.o)
 .debug_info    0x00012a20      0x10b C:/Users/18269/AppData/Local/stm32cube/bundles/gnu-tools-for-stm32/14.3.1+st.2/bin/../lib/gcc/arm-none-eabi/14.3.1/../../../../arm-none-eabi/lib/thumb/v7-m/nofp\libg_nano.a(libc_a-init.o)
 .debug_info    0x00012b2b      0x218 C:/Users/18269/AppData/Local/stm32cube/bundles/gnu-tools-for-stm32/14.3.1+st.2/bin/../lib/gcc/arm-none-eabi/14.3.1/../../../../arm-none-eabi/lib/thumb/v7-m/nofp\libg_nano.a(libc_a-lock.o)
 .debug_info    0x00012d43      0x851 C:/Users/18269/AppData/Local/stm32cube/bundles/gnu-tools-for-stm32/14.3.1+st.2/bin/../lib/gcc/arm-none-eabi/14.3.1/../../../../arm-none-eabi/lib/thumb/v7-m/nofp\libg_nano.a(libc_a-freer.o)
 .debug_info    0x00013594      0x9bc C:/Users/18269/AppData/Local/stm32cube/bundles/gnu-tools-for-stm32/14.3.1+st.2/bin/../lib/gcc/arm-none-eabi/14.3.1/../../../../arm-none-eabi/lib/thumb/v7-m/nofp\libg_nano.a(libc_a-mallocr.o)
 .debug_info    0x00013f50      0x76b C:/Users/18269/AppData/Local/stm32cube/bundles/gnu-tools-for-stm32/14.3.1+st.2/bin/../lib/gcc/arm-none-eabi/14.3.1/../../../../arm-none-eabi/lib/thumb/v7-m/nofp\libg_nano.a(libc_a-mlock.o)
 .debug_info    0x000146bb     0x10b3 C:/Users/18269/AppData/Local/stm32cube/bundles/gnu-tools-for-stm32/14.3.1+st.2/bin/../lib/gcc/arm-none-eabi/14.3.1/../../../../arm-none-eabi/lib/thumb/v7-m/nofp\libg_nano.a(libc_a-nano-svfprintf.o)
 .debug_info    0x0001576e      0xde2 C:/Users/18269/AppData/Local/stm32cube/bundles/gnu-tools-for-stm32/14.3.1+st.2/bin/../lib/gcc/arm-none-eabi/14.3.1/../../../../arm-none-eabi/lib/thumb/v7-m/nofp\libg_nano.a(libc_a-nano-vfprintf_i.o)
 .debug_info    0x00016550      0x10f C:/Users/18269/AppData/Local/stm32cube/bundles/gnu-tools-for-stm32/14.3.1+st.2/bin/../lib/gcc/arm-none-eabi/14.3.1/../../../../arm-none-eabi/lib/thumb/v7-m/nofp\libg_nano.a(libc_a-memmove.o)
 .debug_info    0x0001665f      0x782 C:/Users/18269/AppData/Local/stm32cube/bundles/gnu-tools-for-stm32/14.3.1+st.2/bin/../lib/gcc/arm-none-eabi/14.3.1/../../../../arm-none-eabi/lib/thumb/v7-m/nofp\libg_nano.a(libc_a-sbrkr.o)
 .debug_info    0x00016de1      0x110 C:/Users/18269/AppData/Local/stm32cube/bundles/gnu-tools-for-stm32/14.3.1+st.2/bin/../lib/gcc/arm-none-eabi/14.3.1/../../../../arm-none-eabi/lib/thumb/v7-m/nofp\libg_nano.a(libc_a-memchr-stub.o)
 .debug_info    0x00016ef1      0x121 C:/Users/18269/AppData/Local/stm32cube/bundles/gnu-tools-for-stm32/14.3.1+st.2/bin/../lib/gcc/arm-none-eabi/14.3.1/../../../../arm-none-eabi/lib/thumb/v7-m/nofp\libg_nano.a(libc_a-memcpy-stub.o)
 .debug_info    0x00017012      0x8cd C:/Users/18269/AppData/Local/stm32cube/bundles/gnu-tools-for-stm32/14.3.1+st.2/bin/../lib/gcc/arm-none-eabi/14.3.1/../../../../arm-none-eabi/lib/thumb/v7-m/nofp\libg_nano.a(libc_a-reallocr.o)
 .debug_info    0x000178df      0x794 C:/Users/18269/AppData/Local/stm32cube/bundles/gnu-tools-for-stm32/14.3.1+st.2/bin/../lib/gcc/arm-none-eabi/14.3.1/../../../../arm-none-eabi/lib/thumb/v7-m/nofp\libg_nano.a(libc_a-msizer.o)

.debug_abbrev   0x00000000     0x4e02
 .debug_abbrev  0x00000000      0x13f cmake/stm32cubemx/CMakeFiles/STM32_Drivers.dir/__/__/Core/Src/system_stm32f1xx.c.obj
 .debug_abbrev  0x0000013f      0x277 cmake/stm32cubemx/CMakeFiles/STM32_Drivers.dir/__/__/Drivers/STM32F1xx_HAL_Driver/Src/stm32f1xx_hal_tim.c.obj
 .debug_abbrev  0x000003b6      0x282 cmake/stm32cubemx/CMakeFiles/STM32_Drivers.dir/__/__/Drivers/STM32F1xx_HAL_Driver/Src/stm32f1xx_hal_tim_ex.c.obj
 .debug_abbrev  0x00000638      0x201 cmake/stm32cubemx/CMakeFiles/STM32_Drivers.dir/__/__/Drivers/STM32F1xx_HAL_Driver/Src/stm32f1xx_hal.c.obj
 .debug_abbrev  0x00000839      0x2b3 cmake/stm32cubemx/CMakeFiles/STM32_Drivers.dir/__/__/Drivers/STM32F1xx_HAL_Driver/Src/stm32f1xx_hal_rcc.c.obj
 .debug_abbrev  0x00000aec      0x1ca cmake/stm32cubemx/CMakeFiles/STM32_Drivers.dir/__/__/Drivers/STM32F1xx_HAL_Driver/Src/stm32f1xx_hal_gpio.c.obj
 .debug_abbrev  0x00000cb6      0x20b cmake/stm32cubemx/CMakeFiles/STM32_Drivers.dir/__/__/Drivers/STM32F1xx_HAL_Driver/Src/stm32f1xx_hal_dma.c.obj
 .debug_abbrev  0x00000ec1      0x2f8 cmake/stm32cubemx/CMakeFiles/STM32_Drivers.dir/__/__/Drivers/STM32F1xx_HAL_Driver/Src/stm32f1xx_hal_cortex.c.obj
 .debug_abbrev  0x000011b9      0x2f8 cmake/stm32cubemx/CMakeFiles/STM32_Drivers.dir/__/__/Drivers/STM32F1xx_HAL_Driver/Src/stm32f1xx_hal_uart.c.obj
 .debug_abbrev  0x000014b1      0x26f CMakeFiles/Light.dir/Core/Src/main.c.obj
 .debug_abbrev  0x00001720       0xc6 CMakeFiles/Light.dir/Core/Src/gpio.c.obj
 .debug_abbrev  0x000017e6       0xfc CMakeFiles/Light.dir/Core/Src/dma.c.obj
 .debug_abbrev  0x000018e2      0x255 CMakeFiles/Light.dir/Core/Src/tim.c.obj
 .debug_abbrev  0x00001b37      0x205 CMakeFiles/Light.dir/Core/Src/usart.c.obj
 .debug_abbrev  0x00001d3c      0x19a CMakeFiles/Light.dir/Core/Src/stm32f1xx_it.c.obj
 .debug_abbrev  0x00001ed6       0xdb CMakeFiles/Light.dir/Core/Src/stm32f1xx_hal_msp.c.obj
 .debug_abbrev  0x00001fb1       0xbc CMakeFiles/Light.dir/Core/Src/sysmem.c.obj
 .debug_abbrev  0x0000206d      0x1b1 CMakeFiles/Light.dir/Core/Src/buzzer.c.obj
 .debug_abbrev  0x0000221e       0xe6 CMakeFiles/Light.dir/Core/Src/fatigue_feedback.c.obj
 .debug_abbrev  0x00002304      0x223 CMakeFiles/Light.dir/Core/Src/uart_protocol.c.obj
 .debug_abbrev  0x00002527      0x234 CMakeFiles/Light.dir/Core/Src/ws2812b.c.obj
 .debug_abbrev  0x0000275b       0x24 CMakeFiles/Light.dir/startup_stm32f103xb.s.obj
 .debug_abbrev  0x0000277f      0x1b2 C:/Users/18269/AppData/Local/stm32cube/bundles/gnu-tools-for-stm32/14.3.1+st.2/bin/../lib/gcc/arm-none-eabi/14.3.1/../../../../arm-none-eabi/lib/thumb/v7-m/nofp\libg_nano.a(libc_a-atoi.o)
 .debug_abbrev  0x00002931      0x2ee C:/Users/18269/AppData/Local/stm32cube/bundles/gnu-tools-for-stm32/14.3.1+st.2/bin/../lib/gcc/arm-none-eabi/14.3.1/../../../../arm-none-eabi/lib/thumb/v7-m/nofp\libg_nano.a(libc_a-strtol.o)
 .debug_abbrev  0x00002c1f       0x62 C:/Users/18269/AppData/Local/stm32cube/bundles/gnu-tools-for-stm32/14.3.1+st.2/bin/../lib/gcc/arm-none-eabi/14.3.1/../../../../arm-none-eabi/lib/thumb/v7-m/nofp\libg_nano.a(libc_a-ctype_.o)
 .debug_abbrev  0x00002c81      0x424 C:/Users/18269/AppData/Local/stm32cube/bundles/gnu-tools-for-stm32/14.3.1+st.2/bin/../lib/gcc/arm-none-eabi/14.3.1/../../../../arm-none-eabi/lib/thumb/v7-m/nofp\libg_nano.a(libc_a-findfp.o)
 .debug_abbrev  0x000030a5      0x231 C:/Users/18269/AppData/Local/stm32cube/bundles/gnu-tools-for-stm32/14.3.1+st.2/bin/../lib/gcc/arm-none-eabi/14.3.1/../../../../arm-none-eabi/lib/thumb/v7-m/nofp\libg_nano.a(libc_a-snprintf.o)
 .debug_abbrev  0x000032d6       0x9e C:/Users/18269/AppData/Local/stm32cube/bundles/gnu-tools-for-stm32/14.3.1+st.2/bin/../lib/gcc/arm-none-eabi/14.3.1/../../../../arm-none-eabi/lib/thumb/v7-m/nofp\libg_nano.a(libc_a-memset.o)
 .debug_abbrev  0x00003374       0x82 C:/Users/18269/AppData/Local/stm32cube/bundles/gnu-tools-for-stm32/14.3.1+st.2/bin/../lib/gcc/arm-none-eabi/14.3.1/../../../../arm-none-eabi/lib/thumb/v7-m/nofp\libg_nano.a(libc_a-strchr.o)
 .debug_abbrev  0x000033f6      0x1f7 C:/Users/18269/AppData/Local/stm32cube/bundles/gnu-tools-for-stm32/14.3.1+st.2/bin/../lib/gcc/arm-none-eabi/14.3.1/../../../../arm-none-eabi/lib/thumb/v7-m/nofp\libg_nano.a(libc_a-reent.o)
 .debug_abbrev  0x000035ed      0x149 C:/Users/18269/AppData/Local/stm32cube/bundles/gnu-tools-for-stm32/14.3.1+st.2/bin/../lib/gcc/arm-none-eabi/14.3.1/../../../../arm-none-eabi/lib/thumb/v7-m/nofp\libg_nano.a(libc_a-impure.o)
 .debug_abbrev  0x00003736      0x15e C:/Users/18269/AppData/Local/stm32cube/bundles/gnu-tools-for-stm32/14.3.1+st.2/bin/../lib/gcc/arm-none-eabi/14.3.1/../../../../arm-none-eabi/lib/thumb/v7-m/nofp\libg_nano.a(libc_a-errno.o)
 .debug_abbrev  0x00003894       0xc9 C:/Users/18269/AppData/Local/stm32cube/bundles/gnu-tools-for-stm32/14.3.1+st.2/bin/../lib/gcc/arm-none-eabi/14.3.1/../../../../arm-none-eabi/lib/thumb/v7-m/nofp\libg_nano.a(libc_a-init.o)
 .debug_abbrev  0x0000395d      0x115 C:/Users/18269/AppData/Local/stm32cube/bundles/gnu-tools-for-stm32/14.3.1+st.2/bin/../lib/gcc/arm-none-eabi/14.3.1/../../../../arm-none-eabi/lib/thumb/v7-m/nofp\libg_nano.a(libc_a-lock.o)
 .debug_abbrev  0x00003a72      0x236 C:/Users/18269/AppData/Local/stm32cube/bundles/gnu-tools-for-stm32/14.3.1+st.2/bin/../lib/gcc/arm-none-eabi/14.3.1/../../../../arm-none-eabi/lib/thumb/v7-m/nofp\libg_nano.a(libc_a-freer.o)
 .debug_abbrev  0x00003ca8      0x24a C:/Users/18269/AppData/Local/stm32cube/bundles/gnu-tools-for-stm32/14.3.1+st.2/bin/../lib/gcc/arm-none-eabi/14.3.1/../../../../arm-none-eabi/lib/thumb/v7-m/nofp\libg_nano.a(libc_a-mallocr.o)
 .debug_abbrev  0x00003ef2      0x1bf C:/Users/18269/AppData/Local/stm32cube/bundles/gnu-tools-for-stm32/14.3.1+st.2/bin/../lib/gcc/arm-none-eabi/14.3.1/../../../../arm-none-eabi/lib/thumb/v7-m/nofp\libg_nano.a(libc_a-mlock.o)
 .debug_abbrev  0x000040b1      0x31e C:/Users/18269/AppData/Local/stm32cube/bundles/gnu-tools-for-stm32/14.3.1+st.2/bin/../lib/gcc/arm-none-eabi/14.3.1/../../../../arm-none-eabi/lib/thumb/v7-m/nofp\libg_nano.a(libc_a-nano-svfprintf.o)
 .debug_abbrev  0x000043cf      0x28e C:/Users/18269/AppData/Local/stm32cube/bundles/gnu-tools-for-stm32/14.3.1+st.2/bin/../lib/gcc/arm-none-eabi/14.3.1/../../../../arm-none-eabi/lib/thumb/v7-m/nofp\libg_nano.a(libc_a-nano-vfprintf_i.o)
 .debug_abbrev  0x0000465d       0xac C:/Users/18269/AppData/Local/stm32cube/bundles/gnu-tools-for-stm32/14.3.1+st.2/bin/../lib/gcc/arm-none-eabi/14.3.1/../../../../arm-none-eabi/lib/thumb/v7-m/nofp\libg_nano.a(libc_a-memmove.o)
 .debug_abbrev  0x00004709      0x1da C:/Users/18269/AppData/Local/stm32cube/bundles/gnu-tools-for-stm32/14.3.1+st.2/bin/../lib/gcc/arm-none-eabi/14.3.1/../../../../arm-none-eabi/lib/thumb/v7-m/nofp\libg_nano.a(libc_a-sbrkr.o)
 .debug_abbrev  0x000048e3       0xb1 C:/Users/18269/AppData/Local/stm32cube/bundles/gnu-tools-for-stm32/14.3.1+st.2/bin/../lib/gcc/arm-none-eabi/14.3.1/../../../../arm-none-eabi/lib/thumb/v7-m/nofp\libg_nano.a(libc_a-memchr-stub.o)
 .debug_abbrev  0x00004994       0xc1 C:/Users/18269/AppData/Local/stm32cube/bundles/gnu-tools-for-stm32/14.3.1+st.2/bin/../lib/gcc/arm-none-eabi/14.3.1/../../../../arm-none-eabi/lib/thumb/v7-m/nofp\libg_nano.a(libc_a-memcpy-stub.o)
 .debug_abbrev  0x00004a55      0x217 C:/Users/18269/AppData/Local/stm32cube/bundles/gnu-tools-for-stm32/14.3.1+st.2/bin/../lib/gcc/arm-none-eabi/14.3.1/../../../../arm-none-eabi/lib/thumb/v7-m/nofp\libg_nano.a(libc_a-reallocr.o)
 .debug_abbrev  0x00004c6c      0x196 C:/Users/18269/AppData/Local/stm32cube/bundles/gnu-tools-for-stm32/14.3.1+st.2/bin/../lib/gcc/arm-none-eabi/14.3.1/../../../../arm-none-eabi/lib/thumb/v7-m/nofp\libg_nano.a(libc_a-msizer.o)

.debug_aranges  0x00000000     0x1128
 .debug_aranges
                0x00000000       0x28 cmake/stm32cubemx/CMakeFiles/STM32_Drivers.dir/__/__/Core/Src/system_stm32f1xx.c.obj
 .debug_aranges
                0x00000028      0x3d0 cmake/stm32cubemx/CMakeFiles/STM32_Drivers.dir/__/__/Drivers/STM32F1xx_HAL_Driver/Src/stm32f1xx_hal_tim.c.obj
 .debug_aranges
                0x000003f8      0x168 cmake/stm32cubemx/CMakeFiles/STM32_Drivers.dir/__/__/Drivers/STM32F1xx_HAL_Driver/Src/stm32f1xx_hal_tim_ex.c.obj
 .debug_aranges
                0x00000560       0xe0 cmake/stm32cubemx/CMakeFiles/STM32_Drivers.dir/__/__/Drivers/STM32F1xx_HAL_Driver/Src/stm32f1xx_hal.c.obj
 .debug_aranges
                0x00000640       0x90 cmake/stm32cubemx/CMakeFiles/STM32_Drivers.dir/__/__/Drivers/STM32F1xx_HAL_Driver/Src/stm32f1xx_hal_rcc.c.obj
 .debug_aranges
                0x000006d0       0x58 cmake/stm32cubemx/CMakeFiles/STM32_Drivers.dir/__/__/Drivers/STM32F1xx_HAL_Driver/Src/stm32f1xx_hal_gpio.c.obj
 .debug_aranges
                0x00000728       0x80 cmake/stm32cubemx/CMakeFiles/STM32_Drivers.dir/__/__/Drivers/STM32F1xx_HAL_Driver/Src/stm32f1xx_hal_dma.c.obj
 .debug_aranges
                0x000007a8      0x100 cmake/stm32cubemx/CMakeFiles/STM32_Drivers.dir/__/__/Drivers/STM32F1xx_HAL_Driver/Src/stm32f1xx_hal_cortex.c.obj
 .debug_aranges
                0x000008a8      0x208 cmake/stm32cubemx/CMakeFiles/STM32_Drivers.dir/__/__/Drivers/STM32F1xx_HAL_Driver/Src/stm32f1xx_hal_uart.c.obj
 .debug_aranges
                0x00000ab0       0x38 CMakeFiles/Light.dir/Core/Src/main.c.obj
 .debug_aranges
                0x00000ae8       0x20 CMakeFiles/Light.dir/Core/Src/gpio.c.obj
 .debug_aranges
                0x00000b08       0x20 CMakeFiles/Light.dir/Core/Src/dma.c.obj
 .debug_aranges
                0x00000b28       0x40 CMakeFiles/Light.dir/Core/Src/tim.c.obj
 .debug_aranges
                0x00000b68       0x30 CMakeFiles/Light.dir/Core/Src/usart.c.obj
 .debug_aranges
                0x00000b98       0x80 CMakeFiles/Light.dir/Core/Src/stm32f1xx_it.c.obj
 .debug_aranges
                0x00000c18       0x20 CMakeFiles/Light.dir/Core/Src/stm32f1xx_hal_msp.c.obj
 .debug_aranges
                0x00000c38       0x20 CMakeFiles/Light.dir/Core/Src/sysmem.c.obj
 .debug_aranges
                0x00000c58       0x30 CMakeFiles/Light.dir/Core/Src/buzzer.c.obj
 .debug_aranges
                0x00000c88       0x30 CMakeFiles/Light.dir/Core/Src/fatigue_feedback.c.obj
 .debug_aranges
                0x00000cb8       0x40 CMakeFiles/Light.dir/Core/Src/uart_protocol.c.obj
 .debug_aranges
                0x00000cf8       0x48 CMakeFiles/Light.dir/Core/Src/ws2812b.c.obj
 .debug_aranges
                0x00000d40       0x28 CMakeFiles/Light.dir/startup_stm32f103xb.s.obj
 .debug_aranges
                0x00000d68       0x28 C:/Users/18269/AppData/Local/stm32cube/bundles/gnu-tools-for-stm32/14.3.1+st.2/bin/../lib/gcc/arm-none-eabi/14.3.1/../../../../arm-none-eabi/lib/thumb/v7-m/nofp\libg_nano.a(libc_a-atoi.o)
 .debug_aranges
                0x00000d90       0x38 C:/Users/18269/AppData/Local/stm32cube/bundles/gnu-tools-for-stm32/14.3.1+st.2/bin/../lib/gcc/arm-none-eabi/14.3.1/../../../../arm-none-eabi/lib/thumb/v7-m/nofp\libg_nano.a(libc_a-strtol.o)
 .debug_aranges
                0x00000dc8       0x18 C:/Users/18269/AppData/Local/stm32cube/bundles/gnu-tools-for-stm32/14.3.1+st.2/bin/../lib/gcc/arm-none-eabi/14.3.1/../../../../arm-none-eabi/lib/thumb/v7-m/nofp\libg_nano.a(libc_a-ctype_.o)
 .debug_aranges
                0x00000de0       0x78 C:/Users/18269/AppData/Local/stm32cube/bundles/gnu-tools-for-stm32/14.3.1+st.2/bin/../lib/gcc/arm-none-eabi/14.3.1/../../../../arm-none-eabi/lib/thumb/v7-m/nofp\libg_nano.a(libc_a-findfp.o)
 .debug_aranges
                0x00000e58       0x28 C:/Users/18269/AppData/Local/stm32cube/bundles/gnu-tools-for-stm32/14.3.1+st.2/bin/../lib/gcc/arm-none-eabi/14.3.1/../../../../arm-none-eabi/lib/thumb/v7-m/nofp\libg_nano.a(libc_a-snprintf.o)
 .debug_aranges
                0x00000e80       0x20 C:/Users/18269/AppData/Local/stm32cube/bundles/gnu-tools-for-stm32/14.3.1+st.2/bin/../lib/gcc/arm-none-eabi/14.3.1/../../../../arm-none-eabi/lib/thumb/v7-m/nofp\libg_nano.a(libc_a-memset.o)
 .debug_aranges
                0x00000ea0       0x20 C:/Users/18269/AppData/Local/stm32cube/bundles/gnu-tools-for-stm32/14.3.1+st.2/bin/../lib/gcc/arm-none-eabi/14.3.1/../../../../arm-none-eabi/lib/thumb/v7-m/nofp\libg_nano.a(libc_a-strchr.o)
 .debug_aranges
                0x00000ec0       0x20 C:/Users/18269/AppData/Local/stm32cube/bundles/gnu-tools-for-stm32/14.3.1+st.2/bin/../lib/gcc/arm-none-eabi/14.3.1/../../../../arm-none-eabi/lib/thumb/v7-m/nofp\libg_nano.a(libc_a-reent.o)
 .debug_aranges
                0x00000ee0       0x18 C:/Users/18269/AppData/Local/stm32cube/bundles/gnu-tools-for-stm32/14.3.1+st.2/bin/../lib/gcc/arm-none-eabi/14.3.1/../../../../arm-none-eabi/lib/thumb/v7-m/nofp\libg_nano.a(libc_a-impure.o)
 .debug_aranges
                0x00000ef8       0x20 C:/Users/18269/AppData/Local/stm32cube/bundles/gnu-tools-for-stm32/14.3.1+st.2/bin/../lib/gcc/arm-none-eabi/14.3.1/../../../../arm-none-eabi/lib/thumb/v7-m/nofp\libg_nano.a(libc_a-errno.o)
 .debug_aranges
                0x00000f18       0x20 C:/Users/18269/AppData/Local/stm32cube/bundles/gnu-tools-for-stm32/14.3.1+st.2/bin/../lib/gcc/arm-none-eabi/14.3.1/../../../../arm-none-eabi/lib/thumb/v7-m/nofp\libg_nano.a(libc_a-init.o)
 .debug_aranges
                0x00000f38       0x68 C:/Users/18269/AppData/Local/stm32cube/bundles/gnu-tools-for-stm32/14.3.1+st.2/bin/../lib/gcc/arm-none-eabi/14.3.1/../../../../arm-none-eabi/lib/thumb/v7-m/nofp\libg_nano.a(libc_a-lock.o)
 .debug_aranges
                0x00000fa0       0x20 C:/Users/18269/AppData/Local/stm32cube/bundles/gnu-tools-for-stm32/14.3.1+st.2/bin/../lib/gcc/arm-none-eabi/14.3.1/../../../../arm-none-eabi/lib/thumb/v7-m/nofp\libg_nano.a(libc_a-freer.o)
 .debug_aranges
                0x00000fc0       0x28 C:/Users/18269/AppData/Local/stm32cube/bundles/gnu-tools-for-stm32/14.3.1+st.2/bin/../lib/gcc/arm-none-eabi/14.3.1/../../../../arm-none-eabi/lib/thumb/v7-m/nofp\libg_nano.a(libc_a-mallocr.o)
 .debug_aranges
                0x00000fe8       0x28 C:/Users/18269/AppData/Local/stm32cube/bundles/gnu-tools-for-stm32/14.3.1+st.2/bin/../lib/gcc/arm-none-eabi/14.3.1/../../../../arm-none-eabi/lib/thumb/v7-m/nofp\libg_nano.a(libc_a-mlock.o)
 .debug_aranges
                0x00001010       0x30 C:/Users/18269/AppData/Local/stm32cube/bundles/gnu-tools-for-stm32/14.3.1+st.2/bin/../lib/gcc/arm-none-eabi/14.3.1/../../../../arm-none-eabi/lib/thumb/v7-m/nofp\libg_nano.a(libc_a-nano-svfprintf.o)
 .debug_aranges